ASxxxx Linker V03.00/V05.40 + sdld,  page 1.
Hexadecimal  [32-Bits]

Area                       Addr        Size        Decimal Bytes (Attributes)
--------------------       ----        ----        ------- ----- ------------
.  .ABS.               00000000    00000000 =           0. bytes (ABS,CON)

        Value  Global            Value  Global            Value  Global    
        -----  ------            -----  ------            -----  ------    
     00000000  .__.ABS.  |    00000000  _rMBC7_SR |    00000000  _rRAMG   
     00000000  l__BASE   |    00000000  l__BSS    |    00000000  l__CABS  
     00000000  l__CODE_0 |    00000000  l__DABS   |    00000000  l__FONT_H
     00000000  l__HEADER |    00000000  l__HEADER |    00000000  l__HEADER
     00000000  l__HEAP   |    00000000  l__HEAP_E |    00000000  l__LIT   
     00000000  s__CABS   |    00000000  s__DABS   |    00000000  s__FONT_H
     00000000  s__FONT_H |    00000000  s__HEADER |    00000000  s__HEADER
     00000000  s__HEADER |    00000000  s__HEADER |    00000000  s__HEADER
     00000000  s__HEADER |    00000000  s__HEADER |    00000000  s__HEADER
     00000000  s__HEADER |    00000000  s__HEADER |    00000000  s__HEADER
     00000000  s__HEADER |    00000000  s__HEADER |    00000000  s__HEADER
     00000000  s__HEADER |    00000000  s__HEADER |    00000000  s__HEADER
     00000000  s__HEADER |    00000000  s__HEADER |    00000000  s__HEADER
     00000000  s__HEADER |    00000000  s__HEADER |    00000000  s__HEADER
     00000001  ___bank_f |    00000001  ___bank_f |    00000001  ___bank_g
     00000001  b_draw_me |    00000001  l__GSFINA |    00000001  l__HEADER
     00000001  l__HEADER |    00000001  l__HEADER |    00000001  l__HEADER
     00000001  l__HEADER |    00000001  l__HEADER |    00000001  l__HEADER
     00000002  ___bank_s |    00000002  l__HEADER |    00000002  l__HEADER
     00000002  l__HEADER |    00000003  ___bank_b |    00000003  l__FONT_H
     00000003  l__HEADER |    00000003  l__HEADER |    00000004  ___bank_d
     00000005  ___bank_p |    00000005  l__HEADER |    00000006  l__HEADER
     00000007  l__HEADER |    00000008  l__HEADER |    00000008  l__HEADER
     0000000C  l__GSINIT |    0000000C  l__INITIA |    0000000C  l__INITIA
     00000013  l__HRAM   |    00000030  l__HEADER |    00000060  l__HEADER
     000000A1  l__DATA   |    000000AB  l__HEADER |    00000200  s__CODE  
     00000EBC  l__CODE_6 |    00001000  ___size_f |    0000128E  l__CODE_1
     000016A4  l__CODE_7 |    0000183A  l__CODE   |    00001A3A  s__HOME  
     00002000  _rROMB0   |    000020A6  l__HOME   |    000029B0  l__CODE_8
     00003000  _rROMB1   |    000034A0  ___size_d |    000034A0  l__CODE_4
     000034E0  ___size_b |    000034E0  l__CODE_3 |    000037E0  ___size_s
     000037E0  l__CODE_2 |    00003A60  ___size_p |    00003A60  l__CODE_5
     00003AE0  s__BASE   |    00003AE0  s__CODE_0 |    00003AE0  s__INITIA
     00003AE0  s__LIT    |    00003AEC  s__GSINIT |    00003AF8  s__GSFINA
     00004000  _rMBC7_SR |    00004000  _rRAMB    |    00008000  __VRAM   
     00008000  __VRAM800 |    00008800  __VRAM880 |    00009000  __VRAM900
     00009800  __SCRN0   |    00009C00  __SCRN1   |    0000A000  __SRAM   
     0000A000  _rMBC7_LA |    0000A010  _rMBC7_LA |    0000A020  _rMBC7_AC
     0000A030  _rMBC7_AC |    0000A040  _rMBC7_AC |    0000A050  _rMBC7_AC
     0000C000  __RAM     |    0000C000  _shadow_O |    0000C0A0  s__DATA  
     0000C141  s__BSS    |    0000C141  s__INITIA |    0000C14D  s__HEAP  
     0000C14D  s__HEAP_E |    0000D000  __RAMBANK |    0000E000  .STACK   
     0000FE00  __OAMRAM  |    0000FF00  _P1_REG   |    0000FF00  __IO     
     0000FF01  _SB_REG   |    0000FF02  _SC_REG   |    0000FF04  _DIV_REG 
     0000FF05  _TIMA_REG |    0000FF06  _TMA_REG  |    0000FF07  _TAC_REG 
     0000FF0F  _IF_REG   |    0000FF10  _NR10_REG |    0000FF11  _NR11_REG
     0000FF12  _NR12_REG |    0000FF13  _NR13_REG |    0000FF14  _NR14_REG
     0000FF16  _NR21_REG |    0000FF17  _NR22_REG |    0000FF18  _NR23_REG
     0000FF19  _NR24_REG |    0000FF1A  _NR30_REG |    0000FF1B  _NR31_REG
     0000FF1C  _NR32_REG |    0000FF1D  _NR33_REG |    0000FF1E  _NR34_REG
ASxxxx Linker V03.00/V05.40 + sdld,  page 2.
Hexadecimal  [32-Bits]

Area                       Addr        Size        Decimal Bytes (Attributes)
--------------------       ----        ----        ------- ----- ------------
.  .ABS.               00000000    00000000 =           0. bytes (ABS,CON)

        Value  Global            Value  Global            Value  Global    
        -----  ------            -----  ------            -----  ------    
     0000FF20  _NR41_REG |    0000FF21  _NR42_REG |    0000FF22  _NR43_REG
     0000FF23  _NR44_REG |    0000FF24  _NR50_REG |    0000FF25  _NR51_REG
     0000FF26  _NR52_REG |    0000FF30  _AUD3WAVE |    0000FF30  _PCM_SAMP
     0000FF30  __AUD3WAV |    0000FF40  _LCDC_REG |    0000FF41  _STAT_REG
     0000FF42  _SCY_REG  |    0000FF43  _SCX_REG  |    0000FF44  _LY_REG  
     0000FF45  _LYC_REG  |    0000FF46  _DMA_REG  |    0000FF47  _BGP_REG 
     0000FF48  _OBP0_REG |    0000FF49  _OBP1_REG |    0000FF4A  _WY_REG  
     0000FF4B  _WX_REG   |    0000FF4D  _KEY1_REG |    0000FF4F  _VBK_REG 
     0000FF51  _HDMA1_RE |    0000FF52  _HDMA2_RE |    0000FF53  _HDMA3_RE
     0000FF54  _HDMA4_RE |    0000FF55  _HDMA5_RE |    0000FF56  _RP_REG  
     0000FF68  _BCPS_REG |    0000FF69  _BCPD_REG |    0000FF6A  _OCPS_REG
     0000FF6B  _OCPD_REG |    0000FF70  _SVBK_REG |    0000FF76  _PCM12_RE
     0000FF77  _PCM34_RE |    0000FF80  __HRAM    |    0000FF80  s__HRAM  
     0000FFFF  _IE_REG   |    00014000  s__CODE_1 |    00024000  s__CODE_2
     00034000  s__CODE_3 |    00044000  s__CODE_4 |    00054000  s__CODE_5
     00064000  s__CODE_6 |    00074000  s__CODE_7 |    00084000  s__CODE_8
ASxxxx Linker V03.00/V05.40 + sdld,  page 3.
Hexadecimal  [32-Bits]

Area                       Addr        Size        Decimal Bytes (Attributes)
--------------------       ----        ----        ------- ----- ------------
_CODE                  00000200    0000183A =        6202. bytes (REL,CON)

        Value  Global            Value  Global            Value  Global    
        -----  ------            -----  ------            -----  ------    
     0000028C  _metatile |    0000068C  _famidash |    0000078C  _famidash
     0000088C  _icon1_pa |    00000894  _icon1_ti |    00000914  _icon1_me
     00000920  _icon1_me |    0000092C  _icon1_me |    00000938  _icon1_me
     00000944  _icon1_me |    00000950  _icon1_me |    0000095C  _icon1_me
     00000968  _icon1_me |    00000974  _icon1_me |    00000980  _icon1_me
     0000098C  _icon1_me |    00000998  _icon1_me |    000009A4  _icon1_me
     000009B0  _icon1_me |    000009BC  _icon1_me |    000009C8  _icon1_me
     000009D4  _icon1_me |    000009E0  _icon1_me |    000009EC  _icon1_me
     000009F8  _icon1_me |    00000A04  _icon1_me |    00000A10  _icon1_me
     00000A1C  _icon1_me |    00000A28  _icon1_me |    00000A34  _icon1_me
     00000A40  _icon1_me |    00000A72  _play_mus |    00000A91  _main    
     00000CA5  _hUGE_ini |    00000CA7  hUGE_init |    00000CFD  _hUGE_mut
     00000CFF  hUGE_mute |    00000F4D  _hUGE_set |    00000F4F  hUGE_set_
     00001114  _hUGE_dos |    00001114  hUGE_doso |    00001440  __mulsuch
     00001443  __mulusch |    0000144C  __mulscha |    00001454  __mulint 
     00001473  __mulucha |    00001485  ___move_m |    000014C2  ___move_m
     000014C2  ___move_m |    00001503  ___move_m |    00001503  ___move_m
     00001544  ___move_m |    00001544  ___move_m |    00001587  _printf  
     0000159C  __divsuch |    000015A2  __modsuch |    000015AB  __divusch
     000015B4  __modusch |    000015C0  __divscha |    000015C5  __modscha
     000015CC  __divsint |    000015D5  __modsint |    000015E1  __divucha
     000015E6  __moducha |    000015ED  __divuint |    000015F6  __moduint
     00001602  .div8     |    00001602  .mod8     |    0000160A  .div16   
     0000160A  .mod16    |    00001640  .divu8    |    00001640  .modu8   
     00001643  .divu16   |    00001643  .modu16   |    00001683  ___crlf  
     000016BE  ___printf |    00001A1B  _sprintf 
ASxxxx Linker V03.00/V05.40 + sdld,  page 4.
Hexadecimal  [32-Bits]

Area                       Addr        Size        Decimal Bytes (Attributes)
--------------------       ----        ----        ------- ----- ------------
_HEADER0               00000000    00000001 =           1. bytes (ABS,CON)

        Value  Global            Value  Global            Value  Global    
        -----  ------            -----  ------            -----  ------    
     00000020  .call_hl 
ASxxxx Linker V03.00/V05.40 + sdld,  page 5.
Hexadecimal  [32-Bits]

Area                       Addr        Size        Decimal Bytes (Attributes)
--------------------       ----        ----        ------- ----- ------------
_HEADER1               00000000    00000005 =           5. bytes (ABS,CON)

        Value  Global            Value  Global            Value  Global    
        -----  ------            -----  ------            -----  ------    
     00000028  .MemsetSm
ASxxxx Linker V03.00/V05.40 + sdld,  page 6.
Hexadecimal  [32-Bits]

Area                       Addr        Size        Decimal Bytes (Attributes)
--------------------       ----        ----        ------- ----- ------------
_HEADER2               00000000    00000007 =           7. bytes (ABS,CON)

        Value  Global            Value  Global            Value  Global    
        -----  ------            -----  ------            -----  ------    
     00000030  .MemcpySm
ASxxxx Linker V03.00/V05.40 + sdld,  page 7.
Hexadecimal  [32-Bits]

Area                       Addr        Size        Decimal Bytes (Attributes)
--------------------       ----        ----        ------- ----- ------------
_HEADER3               00000000    00000008 =           8. bytes (ABS,CON)

        Value  Global            Value  Global            Value  Global    
        -----  ------            -----  ------            -----  ------    
ASxxxx Linker V03.00/V05.40 + sdld,  page 8.
Hexadecimal  [32-Bits]

Area                       Addr        Size        Decimal Bytes (Attributes)
--------------------       ----        ----        ------- ----- ------------
_HEADER4               00000000    00000060 =          96. bytes (ABS,CON)

        Value  Global            Value  Global            Value  Global    
        -----  ------            -----  ------            -----  ------    
     00000080  .int      |    0000008F  _wait_int |    0000009C  __standar
     000000AB  _refresh_ |    000000CC  _set_inte
ASxxxx Linker V03.00/V05.40 + sdld,  page 9.
Hexadecimal  [32-Bits]

Area                       Addr        Size        Decimal Bytes (Attributes)
--------------------       ----        ----        ------- ----- ------------
_HEADER5               00000000    00000001 =           1. bytes (ABS,CON)

        Value  Global            Value  Global            Value  Global    
        -----  ------            -----  ------            -----  ------    
ASxxxx Linker V03.00/V05.40 + sdld,  page 10.
Hexadecimal  [32-Bits]

Area                       Addr        Size        Decimal Bytes (Attributes)
--------------------       ----        ----        ------- ----- ------------
_HEADER6               00000000    00000002 =           2. bytes (ABS,CON)

        Value  Global            Value  Global            Value  Global    
        -----  ------            -----  ------            -----  ------    
ASxxxx Linker V03.00/V05.40 + sdld,  page 11.
Hexadecimal  [32-Bits]

Area                       Addr        Size        Decimal Bytes (Attributes)
--------------------       ----        ----        ------- ----- ------------
_HEADER7               00000000    00000030 =          48. bytes (ABS,CON)

        Value  Global            Value  Global            Value  Global    
        -----  ------            -----  ------            -----  ------    
ASxxxx Linker V03.00/V05.40 + sdld,  page 12.
Hexadecimal  [32-Bits]

Area                       Addr        Size        Decimal Bytes (Attributes)
--------------------       ----        ----        ------- ----- ------------
_HEADER8               00000000    00000006 =           6. bytes (ABS,CON)

        Value  Global            Value  Global            Value  Global    
        -----  ------            -----  ------            -----  ------    
ASxxxx Linker V03.00/V05.40 + sdld,  page 13.
Hexadecimal  [32-Bits]

Area                       Addr        Size        Decimal Bytes (Attributes)
--------------------       ----        ----        ------- ----- ------------
_HEADER9               00000000    00000003 =           3. bytes (ABS,CON)

        Value  Global            Value  Global            Value  Global    
        -----  ------            -----  ------            -----  ------    
ASxxxx Linker V03.00/V05.40 + sdld,  page 14.
Hexadecimal  [32-Bits]

Area                       Addr        Size        Decimal Bytes (Attributes)
--------------------       ----        ----        ------- ----- ------------
_HEADERa               00000000    00000001 =           1. bytes (ABS,CON)

        Value  Global            Value  Global            Value  Global    
        -----  ------            -----  ------            -----  ------    
ASxxxx Linker V03.00/V05.40 + sdld,  page 15.
Hexadecimal  [32-Bits]

Area                       Addr        Size        Decimal Bytes (Attributes)
--------------------       ----        ----        ------- ----- ------------
_HEADERb               00000000    00000001 =           1. bytes (ABS,CON)

        Value  Global            Value  Global            Value  Global    
        -----  ------            -----  ------            -----  ------    
ASxxxx Linker V03.00/V05.40 + sdld,  page 16.
Hexadecimal  [32-Bits]

Area                       Addr        Size        Decimal Bytes (Attributes)
--------------------       ----        ----        ------- ----- ------------
_HEADERc               00000000    00000001 =           1. bytes (ABS,CON)

        Value  Global            Value  Global            Value  Global    
        -----  ------            -----  ------            -----  ------    
ASxxxx Linker V03.00/V05.40 + sdld,  page 17.
Hexadecimal  [32-Bits]

Area                       Addr        Size        Decimal Bytes (Attributes)
--------------------       ----        ----        ------- ----- ------------
_HEADERd               00000000    00000002 =           2. bytes (ABS,CON)

        Value  Global            Value  Global            Value  Global    
        -----  ------            -----  ------            -----  ------    
ASxxxx Linker V03.00/V05.40 + sdld,  page 18.
Hexadecimal  [32-Bits]

Area                       Addr        Size        Decimal Bytes (Attributes)
--------------------       ----        ----        ------- ----- ------------
_HEADERe               00000000    00000001 =           1. bytes (ABS,CON)

        Value  Global            Value  Global            Value  Global    
        -----  ------            -----  ------            -----  ------    
ASxxxx Linker V03.00/V05.40 + sdld,  page 19.
Hexadecimal  [32-Bits]

Area                       Addr        Size        Decimal Bytes (Attributes)
--------------------       ----        ----        ------- ----- ------------
_HEADERf               00000000    00000001 =           1. bytes (ABS,CON)

        Value  Global            Value  Global            Value  Global    
        -----  ------            -----  ------            -----  ------    
ASxxxx Linker V03.00/V05.40 + sdld,  page 20.
Hexadecimal  [32-Bits]

Area                       Addr        Size        Decimal Bytes (Attributes)
--------------------       ----        ----        ------- ----- ------------
_HEADER10              00000000    00000002 =           2. bytes (ABS,CON)

        Value  Global            Value  Global            Value  Global    
        -----  ------            -----  ------            -----  ------    
ASxxxx Linker V03.00/V05.40 + sdld,  page 21.
Hexadecimal  [32-Bits]

Area                       Addr        Size        Decimal Bytes (Attributes)
--------------------       ----        ----        ------- ----- ------------
_HEADER11              00000000    000000AB =         171. bytes (ABS,CON)

        Value  Global            Value  Global            Value  Global    
        -----  ------            -----  ------            -----  ------    
     00000150  .reset    |    00000150  _reset    |    00000157  .code_sta
     000001B9  _exit     |    000001BD  .wait_vbl |    000001BD  _vsync   
     000001BD  _wait_vbl |    000001CD  .remove_V |    000001CD  _remove_V
     000001D0  .remove_i |    000001ED  .add_VBL  |    000001ED  _add_VBL 
     000001F0  .add_int 
ASxxxx Linker V03.00/V05.40 + sdld,  page 22.
Hexadecimal  [32-Bits]

Area                       Addr        Size        Decimal Bytes (Attributes)
--------------------       ----        ----        ------- ----- ------------
_HOME                  00001A3A    000020A6 =        8358. bytes (REL,CON)

        Value  Global            Value  Global            Value  Global    
        -----  ------            -----  ------            -----  ------    
     00001A3A  .memset_s |    00001A43  .memcpy_s |    00001A60  .display_
     00001A60  _display_ |    00001A78  _setup_me |    00001A89  _load_bkg
     00001AB9  _draw_mt_ |    00001BAD  _fill_scr |    00001BFA  _play_lev
     00002264  _player_u |    00002FA1  _font_loa |    00002FA8  font_load
     00002FF0  font_copy |    00003026  font_set  |    00003033  .put_char
     0000304B  .out_char |    00003051  .del_char |    000030A7  _putchar 
     000030B0  _setchar  |    000030B9  _font_loa |    000030C7  _font_set
     000030D6  _font_ini |    000030F5  .cls      |    000030F5  _cls     
     00003117  _gotoxy   |    00003122  _posx     |    00003133  _posy    
     0000315B  .cr_curs  |    00003170  .adv_curs |    000031CC  .tmode   
     000031E9  .tmode_ou |    000031F2  _set_bkg_ |    000031F2  _set_win_
     000031FA  _set_spri |    00003252  _add_TIM  |    00003255  _set_tile
     0000325A  _set_bkg_ |    0000325A  _set_win_ |    00003262  _set_spri
     00003292  .add_TIM  |    00003298  .remove_T |    00003298  _remove_T
     0000329E  __divulon |    00003325  _fill_bkg |    00003337  .padup   
     00003337  _waitpadu |    00003347  .jpad     |    00003347  _joypad  
     0000336F  _waitpad  |    00003370  .wait_pad |    00003377  _color   
     00003377  _set_1bpp |    00003386  _puts     |    000033AB  .drawing_
     000033C8  _font_ibm |    000037A9  .add_LCD  |    000037A9  _add_LCD 
     000037AF  .remove_L |    000037AF  _remove_L |    000037B5  ___sdcc_b
     000037C9  _font_min |    00003973  _set_bkg_ |    00003987  .fill_rec
     00003990  .fill_rec |    000039DD  .set_xy_w |    000039E6  .set_xy_b
     000039F5  .set_xy_t |    00003A39  _uitoa    |    00003A48  _itoa    
     00003A57  .itoa     |    00003A6B  .utoa     |    00003ADF  ___sdcc_c
ASxxxx Linker V03.00/V05.40 + sdld,  page 23.
Hexadecimal  [32-Bits]

Area                       Addr        Size        Decimal Bytes (Attributes)
--------------------       ----        ----        ------- ----- ------------
_INITIALIZER           00003AE0    0000000C =          12. bytes (REL,CON)

        Value  Global            Value  Global            Value  Global    
        -----  ------            -----  ------            -----  ------    
ASxxxx Linker V03.00/V05.40 + sdld,  page 24.
Hexadecimal  [32-Bits]

Area                       Addr        Size        Decimal Bytes (Attributes)
--------------------       ----        ----        ------- ----- ------------
_GSINIT                00003AEC    0000000C =          12. bytes (REL,CON)

        Value  Global            Value  Global            Value  Global    
        -----  ------            -----  ------            -----  ------    
     00003AEC  gsinit   
ASxxxx Linker V03.00/V05.40 + sdld,  page 25.
Hexadecimal  [32-Bits]

Area                       Addr        Size        Decimal Bytes (Attributes)
--------------------       ----        ----        ------- ----- ------------
_GSFINAL               00003AF8    00000001 =           1. bytes (REL,CON)

        Value  Global            Value  Global            Value  Global    
        -----  ------            -----  ------            -----  ------    
ASxxxx Linker V03.00/V05.40 + sdld,  page 26.
Hexadecimal  [32-Bits]

Area                       Addr        Size        Decimal Bytes (Attributes)
--------------------       ----        ----        ------- ----- ------------
_DATA                  0000C0A0    000000A1 =         161. bytes (REL,CON)

        Value  Global            Value  Global            Value  Global    
        -----  ------            -----  ------            -----  ------    
     0000C0A0  __cpu     |    0000C0A1  __is_GBA  |    0000C0A2  .mode    
     0000C0A3  .sys_time |    0000C0A3  _sys_time |    0000C0A5  .int_0x40
     0000C0CD  _hUGE_cur |    0000C0CD  hUGE_curr |    0000C0CE  _hUGE_mut
     0000C115  font_curr |    0000C118  font_firs |    0000C119  font_tabl
     0000C12B  .int_0x50 |    0000C135  ___curren |    0000C137  ___curren
     0000C138  ___curren |    0000C139  .int_0x48
ASxxxx Linker V03.00/V05.40 + sdld,  page 27.
Hexadecimal  [32-Bits]

Area                       Addr        Size        Decimal Bytes (Attributes)
--------------------       ----        ----        ------- ----- ------------
_INITIALIZED           0000C141    0000000C =          12. bytes (REL,CON)

        Value  Global            Value  Global            Value  Global    
        -----  ------            -----  ------            -----  ------    
     0000C141  _music_re |    0000C142  _redraw   |    0000C143  _selected
     0000C144  _current_ |    0000C145  _player_n |    0000C146  .curx    
     0000C147  .cury     |    0000C148  ___render |    0000C149  .fg_colou
     0000C149  __current |    0000C14A  .bg_colou |    0000C14B  .draw_mod
     0000C14C  __map_til
ASxxxx Linker V03.00/V05.40 + sdld,  page 28.
Hexadecimal  [32-Bits]

Area                       Addr        Size        Decimal Bytes (Attributes)
--------------------       ----        ----        ------- ----- ------------
_HRAM                  0000FF80    00000013 =          19. bytes (REL,CON)

        Value  Global            Value  Global            Value  Global    
        -----  ------            -----  ------            -----  ------    
     0000FF80  .refresh_ |    0000FF90  __current |    0000FF91  __vbl_don
     0000FF92  __shadow_
ASxxxx Linker V03.00/V05.40 + sdld,  page 29.
Hexadecimal  [32-Bits]

Area                       Addr        Size        Decimal Bytes (Attributes)
--------------------       ----        ----        ------- ----- ------------
_CODE_1                00014000    0000128E =        4750. bytes (REL,CON)

        Value  Global            Value  Global            Value  Global    
        -----  ------            -----  ------            -----  ------    
     00014000  ___func_f |    00014000  ___func_f |    00014000  ___func_g
     00014000  _famidash |    00015000  _level_so |    00015008  _song_ban
     0001500C  _level_sm |    0001501C  _level_bo |    0001502C  _level_pg
     0001503C  _level_du |    0001504C  _game_lev |    00015054  _MAX_LEVE
     000151F3  _draw_men
ASxxxx Linker V03.00/V05.40 + sdld,  page 30.
Hexadecimal  [32-Bits]

Area                       Addr        Size        Decimal Bytes (Attributes)
--------------------       ----        ----        ------- ----- ------------
_CODE_7                00074000    000016A4 =        5796. bytes (REL,CON)

        Value  Global            Value  Global            Value  Global    
        -----  ------            -----  ------            -----  ------    
     0007568F  _dryout  
ASxxxx Linker V03.00/V05.40 + sdld,  page 31.
Hexadecimal  [32-Bits]

Area                       Addr        Size        Decimal Bytes (Attributes)
--------------------       ----        ----        ------- ----- ------------
_CODE_3                00034000    000034E0 =       13536. bytes (REL,CON)

        Value  Global            Value  Global            Value  Global    
        -----  ------            -----  ------            -----  ------    
     00034000  ___func_b |    00034000  _backontr
ASxxxx Linker V03.00/V05.40 + sdld,  page 32.
Hexadecimal  [32-Bits]

Area                       Addr        Size        Decimal Bytes (Attributes)
--------------------       ----        ----        ------- ----- ------------
_CODE_4                00044000    000034A0 =       13472. bytes (REL,CON)

        Value  Global            Value  Global            Value  Global    
        -----  ------            -----  ------            -----  ------    
     00044000  ___func_d |    00044000  _dryout_m
ASxxxx Linker V03.00/V05.40 + sdld,  page 33.
Hexadecimal  [32-Bits]

Area                       Addr        Size        Decimal Bytes (Attributes)
--------------------       ----        ----        ------- ----- ------------
_CODE_5                00054000    00003A60 =       14944. bytes (REL,CON)

        Value  Global            Value  Global            Value  Global    
        -----  ------            -----  ------            -----  ------    
     00054000  ___func_p |    00054000  _polargei
ASxxxx Linker V03.00/V05.40 + sdld,  page 34.
Hexadecimal  [32-Bits]

Area                       Addr        Size        Decimal Bytes (Attributes)
--------------------       ----        ----        ------- ----- ------------
_CODE_2                00024000    000037E0 =       14304. bytes (REL,CON)

        Value  Global            Value  Global            Value  Global    
        -----  ------            -----  ------            -----  ------    
     00024000  ___func_s |    00024000  _stereoma
ASxxxx Linker V03.00/V05.40 + sdld,  page 35.
Hexadecimal  [32-Bits]

Area                       Addr        Size        Decimal Bytes (Attributes)
--------------------       ----        ----        ------- ----- ------------
_CODE_8                00084000    000029B0 =       10672. bytes (REL,CON)

        Value  Global            Value  Global            Value  Global    
        -----  ------            -----  ------            -----  ------    
     0008699B  _polargei
ASxxxx Linker V03.00/V05.40 + sdld,  page 36.
Hexadecimal  [32-Bits]

Area                       Addr        Size        Decimal Bytes (Attributes)
--------------------       ----        ----        ------- ----- ------------
_CODE_6                00064000    00000EBC =        3772. bytes (REL,CON)

        Value  Global            Value  Global            Value  Global    
        -----  ------            -----  ------            -----  ------    
     00064EA7  _stereoma
ASxxxx Linker V03.00/V05.40 + sdld,  page 37.
Hexadecimal  [32-Bits]

Area                       Addr        Size        Decimal Bytes (Attributes)
--------------------       ----        ----        ------- ----- ------------
_FONT_HEADER0          00000000    00000003 =           3. bytes (ABS,CON)

        Value  Global            Value  Global            Value  Global    
        -----  ------            -----  ------            -----  ------    
ASxxxx Linker V03.00/V05.40 + sdld,  page 38.
Hexadecimal  [32-Bits]

Area                       Addr        Size        Decimal Bytes (Attributes)
--------------------       ----        ----        ------- ----- ------------
_HEADER_TIM0           00000000    00000008 =           8. bytes (ABS,CON)

        Value  Global            Value  Global            Value  Global    
        -----  ------            -----  ------            -----  ------    
ASxxxx Linker V03.00/V05.40 + sdld,  page 39.
Hexadecimal  [32-Bits]

Area                       Addr        Size        Decimal Bytes (Attributes)
--------------------       ----        ----        ------- ----- ------------
_HEADER_LCD0           00000000    00000003 =           3. bytes (ABS,CON)

        Value  Global            Value  Global            Value  Global    
        -----  ------            -----  ------            -----  ------    
ASxxxx Linker V03.00/V05.40 + sdld,  page 40.

Files Linked                              [ module(s) ]

C:\gbdk\lib/gb/crt0.o                     [ Runtime ]
temp/assets.o                             [ assets ]
temp/dryout.o                             [ dryout ]
temp/famidash_metatiles.o                 [ famidash_metatiles ]
temp/gameplay.o                           [ gameplay ]
temp/icon1.o                              [ icon1 ]
temp/level_bot.o                          [ level_bot ]
temp/level_du.o                           [ level_du ]
temp/level_pg.o                           [ level_pg ]
temp/level_sm.o                           [ level_sm ]
temp/main.o                               [ main ]
temp/player.o                             [ player ]
temp/polargeist.o                         [ polargeist ]
temp/stereomadness.o                      [ stereomadness ]
lib/hUGEDriver.lib                        [ hUGEDriver_obj ]


Libraries Linked                          [ object file ]

C:\gbdk\lib/gb/gb.lib                     [ font.o ]
C:\gbdk\lib/gb/gb.lib                     [ set_1bit_data.o ]
C:\gbdk\lib/gb/gb.lib                     [ sfr.o ]
C:\gbdk\lib/gb/gb.lib                     [ tim.o ]
C:\gbdk\lib/sm83/sm83.lib                 [ mul.o ]
C:\gbdk\lib/gb/gb.lib                     [ set_data.o ]
C:\gbdk\lib/gb/gb.lib                     [ tim_common.o ]
C:\gbdk\lib/sm83/sm83.lib                 [ _divulong.o ]
C:\gbdk\lib/gb/gb.lib                     [ fill_rect_bk.o ]
C:\gbdk\lib/gb/gb.lib                     [ pad.o ]
C:\gbdk\lib/gb/gb.lib                     [ metasprites.o ]
C:\gbdk\lib/gb/gb.lib                     [ color.o ]
C:\gbdk\lib/sm83/sm83.lib                 [ puts.o ]
C:\gbdk\lib/gb/gb.lib                     [ drawing_isr.o ]
C:\gbdk\lib/gb/gb.lib                     [ f_ibm_sh.o ]
C:\gbdk\lib/gb/gb.lib                     [ lcd.o ]
C:\gbdk\lib/gb/gb.lib                     [ ___sdcc_bcall_ehl.o ]
C:\gbdk\lib/gb/gb.lib                     [ metasprites_flip.o ]
C:\gbdk\lib/sm83/sm83.lib                 [ printf.o ]
C:\gbdk\lib/gb/gb.lib                     [ f_min.o ]
C:\gbdk\lib/sm83/sm83.lib                 [ div.o ]
C:\gbdk\lib/gb/gb.lib                     [ set_bk_t.o ]
C:\gbdk\lib/gb/gb.lib                     [ crlf.o ]
C:\gbdk\lib/gb/gb.lib                     [ fill_rect.o ]
C:\gbdk\lib/sm83/sm83.lib                 [ sprintf.o ]
C:\gbdk\lib/gb/gb.lib                     [ set_xy_t.o ]
C:\gbdk\lib/sm83/sm83.lib                 [ itoa.o ]
C:\gbdk\lib/sm83/sm83.lib                 [ __sdcc_call_hl.o ]

ASxxxx Linker V03.00/V05.40 + sdld,  page 41.

User Base Address Definitions

_DATA=0xC0A0
_CODE=0x0200
_HRAM=0xFF80
ASxxxx Linker V03.00/V05.40 + sdld,  page 42.

User Global Definitions

_shadow_OAM=0xC000
.STACK=0xE000

