                                      1 ;--------------------------------------------------------
                                      2 ; File Created by SDCC : free open source ISO C Compiler
                                      3 ; Version 4.5.1 #15267 (MINGW64)
                                      4 ;--------------------------------------------------------
                                      5 	.module assets
                                      6 	
                                      7 ;--------------------------------------------------------
                                      8 ; Public variables in this module
                                      9 ;--------------------------------------------------------
                                     10 	.globl _MAX_LEVELS
                                     11 	.globl _game_levels
                                     12 	.globl _level_pg
                                     13 	.globl _level_bot
                                     14 	.globl _level_sm
                                     15 	.globl b___func_famidash_chr_tiles
                                     16 	.globl ___func_famidash_chr_tiles
                                     17 	.globl b___func_famidash_chr
                                     18 	.globl ___func_famidash_chr
                                     19 	.globl b___func_game_levels
                                     20 	.globl ___func_game_levels
                                     21 ;--------------------------------------------------------
                                     22 ; special function registers
                                     23 ;--------------------------------------------------------
                                     24 	.area _HRAM
                                     25 ;--------------------------------------------------------
                                     26 ; ram data
                                     27 ;--------------------------------------------------------
                                     28 	.area _DATA
                                     29 ;--------------------------------------------------------
                                     30 ; ram data
                                     31 ;--------------------------------------------------------
                                     32 	.area _INITIALIZED
                                     33 ;--------------------------------------------------------
                                     34 ; absolute external ram data
                                     35 ;--------------------------------------------------------
                                     36 	.area _DABS (ABS)
                                     37 ;--------------------------------------------------------
                                     38 ; global & static initialisations
                                     39 ;--------------------------------------------------------
                                     40 	.area _HOME
                                     41 	.area _GSINIT
                                     42 	.area _GSFINAL
                                     43 	.area _GSINIT
                                     44 ;--------------------------------------------------------
                                     45 ; Home
                                     46 ;--------------------------------------------------------
                                     47 	.area _HOME
                                     48 	.area _HOME
                                     49 ;--------------------------------------------------------
                                     50 ; code
                                     51 ;--------------------------------------------------------
                                     52 	.area _CODE_1
                                     53 ;src/assets.c:5: BANKREF(game_levels)
                                     54 ;	---------------------------------
                                     55 ; Function __func_game_levels
                                     56 ; ---------------------------------
                         00000001    57 	b___func_game_levels	= 1
    00000000                         58 ___func_game_levels::
                                     59 	.local b___func_game_levels 
                         00000001    60 	___bank_game_levels = b___func_game_levels 
                                     61 	.globl ___bank_game_levels 
                                     62 ;src/assets.c:6: BANKREF(famidash_chr)
                                     63 ;	---------------------------------
                                     64 ; Function __func_famidash_chr
                                     65 ; ---------------------------------
                         00000001    66 	b___func_famidash_chr	= 1
    00000000                         67 ___func_famidash_chr::
                                     68 	.local b___func_famidash_chr 
                         00000001    69 	___bank_famidash_chr = b___func_famidash_chr 
                                     70 	.globl ___bank_famidash_chr 
                                     71 ;src/assets.c:9: INCBIN(famidash_chr_tiles, "levels/famidash/famidash_chr_tiles.bin")
                                     72 ;	---------------------------------
                                     73 ; Function __func_famidash_chr_tiles
                                     74 ; ---------------------------------
                         00000001    75 	b___func_famidash_chr_tiles	= 1
    00000000                         76 ___func_famidash_chr_tiles::
    00000000                         77 _famidash_chr_tiles::
    00000000                         78 1$:
    00000000 00 00 00 00 00 00 00    79 	.incbin "levels/famidash/famidash_chr_tiles.bin" 
             00 00 00 00 00 00 00
             00 00 00 00 FF FF 7F
             7F 7F 7F 7F 7F 3F 3F
             1F 1F 0E 0E 00 00 7F
             7F 3F 3F 1F 1F 0F 0F
             07 07 03 03 00 00 00
             00 FF FF FF FF FF FF
             FF FF FF FF 1F 1F 0E
             0E 00 00 FE FE FC FC
             F8 F8 F0 F0 C0 C0 00
             00 00 00 00 7E 2A 7E
             3C 3C 3C 3C 18 18 18
             18 00 00 00 00 FF FF
             FF FF 5B 5B 12 12 10
             10 00 00 00 00 00 00
             FF FF FF FF EE EE E4
             E4 40 40 40 40 00 00
             00 00
    00001000                         80 2$:
                         00001000    81 	___size_famidash_chr_tiles = (2$-1$) 
                                     82 	.globl ___size_famidash_chr_tiles 
                                     83 	.local b___func_famidash_chr_tiles 
                         00000001    84 	___bank_famidash_chr_tiles = b___func_famidash_chr_tiles 
                                     85 	.globl ___bank_famidash_chr_tiles 
                                     86 	.area _CODE_1
    00001000                         87 _level_sm:
    00001000r34r10                   88 	.dw __str_0
    00001002r00r00                   89 	.dw _famidash_chr_tiles
    00001004r00r00                   90 	.dw _stereomadness_map
    00001006 00 01                   91 	.dw #0x0100
    00001008 7E 03                   92 	.dw #0x037e
    0000100A 10 00                   93 	.dw #0x0010
    0000100C 00                      94 	.db #0x00	; 0
    0000100D 00                      95 	.db #0x00	; 0
    0000100Er00                      96 	.byte ___bank_stereomadness_map
    0000100F                         97 _level_bot:
    0000100Fr43r10                   98 	.dw __str_1
    00001011r00r00                   99 	.dw _famidash_chr_tiles
    00001013r00r00                  100 	.dw _backontrack_map
    00001015 00 01                  101 	.dw #0x0100
    00001017 4E 03                  102 	.dw #0x034e
    00001019 10 00                  103 	.dw #0x0010
    0000101B 00                     104 	.db #0x00	; 0
    0000101C 00                     105 	.db #0x00	; 0
    0000101Dr00                     106 	.byte ___bank_backontrack_map
    0000101E                        107 _level_pg:
    0000101Er51r10                  108 	.dw __str_2
    00001020r00r00                  109 	.dw _famidash_chr_tiles
    00001022r00r00                  110 	.dw _polargeist_map
    00001024 00 01                  111 	.dw #0x0100
    00001026 A6 03                  112 	.dw #0x03a6
    00001028 10 00                  113 	.dw #0x0010
    0000102A 00                     114 	.db #0x00	; 0
    0000102B 00                     115 	.db #0x00	; 0
    0000102Cr00                     116 	.byte ___bank_polargeist_map
    0000102D                        117 _game_levels:
    0000102Dr00r10                  118 	.dw _level_sm
    0000102Fr0Fr10                  119 	.dw _level_bot
    00001031r1Er10                  120 	.dw _level_pg
    00001033                        121 _MAX_LEVELS:
    00001033 03                     122 	.db #0x03	; 3
    00001034                        123 __str_0:
    00001034 53 54 45 52 45 4F 20   124 	.ascii "STEREO MADNESS"
             4D 41 44 4E 45 53 53
    00001042 00                     125 	.db 0x00
    00001043                        126 __str_1:
    00001043 42 41 43 4B 20 4F 4E   127 	.ascii "BACK ON TRACK"
             20 54 52 41 43 4B
    00001050 00                     128 	.db 0x00
    00001051                        129 __str_2:
    00001051 50 4F 4C 41 52 47 45   130 	.ascii "POLARGEIST"
             49 53 54
    0000105B 00                     131 	.db 0x00
                                    132 	.area _INITIALIZER
                                    133 	.area _CABS (ABS)
