                                      1 ;--------------------------------------------------------
                                      2 ; File Created by SDCC : free open source ISO C Compiler
                                      3 ; Version 4.5.1 #15267 (MINGW64)
                                      4 ;--------------------------------------------------------
                                      5 	.module assets
                                      6 	
                                      7 ;--------------------------------------------------------
                                      8 ; Public variables in this module
                                      9 ;--------------------------------------------------------
                                     10 	.globl _MAX_LEVELS
                                     11 	.globl _game_levels
                                     12 	.globl _level_sm
                                     13 	.globl b___func_famidash_chr_tiles
                                     14 	.globl ___func_famidash_chr_tiles
                                     15 ;--------------------------------------------------------
                                     16 ; special function registers
                                     17 ;--------------------------------------------------------
                                     18 	.area _HRAM
                                     19 ;--------------------------------------------------------
                                     20 ; ram data
                                     21 ;--------------------------------------------------------
                                     22 	.area _DATA
                                     23 ;--------------------------------------------------------
                                     24 ; ram data
                                     25 ;--------------------------------------------------------
                                     26 	.area _INITIALIZED
                                     27 ;--------------------------------------------------------
                                     28 ; absolute external ram data
                                     29 ;--------------------------------------------------------
                                     30 	.area _DABS (ABS)
                                     31 ;--------------------------------------------------------
                                     32 ; global & static initialisations
                                     33 ;--------------------------------------------------------
                                     34 	.area _HOME
                                     35 	.area _GSINIT
                                     36 	.area _GSFINAL
                                     37 	.area _GSINIT
                                     38 ;--------------------------------------------------------
                                     39 ; Home
                                     40 ;--------------------------------------------------------
                                     41 	.area _HOME
                                     42 	.area _HOME
                                     43 ;--------------------------------------------------------
                                     44 ; code
                                     45 ;--------------------------------------------------------
                                     46 	.area _CODE_1
                                     47 ;src/assets.c:6: INCBIN(famidash_chr_tiles, "levels/famidash/famidash_chr_tiles.bin")
                                     48 ;	---------------------------------
                                     49 ; Function __func_famidash_chr_tiles
                                     50 ; ---------------------------------
                         00000001    51 	b___func_famidash_chr_tiles	= 1
    00000000                         52 ___func_famidash_chr_tiles::
    00000000                         53 _famidash_chr_tiles::
    00000000                         54 1$:
    00000000 00 00 00 00 00 00 00    55 	.incbin "levels/famidash/famidash_chr_tiles.bin" 
             00 00 00 00 00 00 00
             00 00 00 00 FF FF 7F
             7F 7F 7F 7F 7F 3F 3F
             1F 1F 0E 0E 00 00 7F
             7F 3F 3F 1F 1F 0F 0F
             07 07 03 03 00 00 00
             00 FF FF FF FF FF FF
             FF FF FF FF 1F 1F 0E
             0E 00 00 FE FE FC FC
             F8 F8 F0 F0 C0 C0 00
             00 00 00 00 7E 2A 7E
             3C 3C 3C 3C 18 18 18
             18 00 00 00 00 FF FF
             FF FF 5B 5B 12 12 10
             10 00 00 00 00 00 00
             FF FF FF FF EE EE E4
             E4 40 40 40 40 00 00
             00 00
    00001000                         56 2$:
                         00001000    57 	___size_famidash_chr_tiles = (2$-1$) 
                                     58 	.globl ___size_famidash_chr_tiles 
                                     59 	.local b___func_famidash_chr_tiles 
                         00000001    60 	___bank_famidash_chr_tiles = b___func_famidash_chr_tiles 
                                     61 	.globl ___bank_famidash_chr_tiles 
                                     62 	.area _CODE_1
    00001000                         63 _level_sm:
    00001000r12r10                   64 	.dw __str_0
    00001002r00r00                   65 	.dw _famidash_chr_tiles
    00001004r00r00                   66 	.dw _stereomadness_map
    00001006 00 01                   67 	.dw #0x0100
    00001008 7E 03                   68 	.dw #0x037e
    0000100A 10 00                   69 	.dw #0x0010
    0000100C 00                      70 	.db #0x00	; 0
    0000100D 00                      71 	.db #0x00	; 0
    0000100Er00                      72 	.byte ___bank_stereomadness_map
    0000100F                         73 _game_levels:
    0000100Fr00r10                   74 	.dw _level_sm
    00001011                         75 _MAX_LEVELS:
    00001011 01                      76 	.db #0x01	; 1
    00001012                         77 __str_0:
    00001012 53 54 45 52 45 4F 20    78 	.ascii "STEREO MAD"
             4D 41 44
    0000101C 00                      79 	.db 0x00
                                     80 	.area _INITIALIZER
                                     81 	.area _CABS (ABS)
