                                      1 ;--------------------------------------------------------
                                      2 ; File Created by SDCC : free open source ISO C Compiler
                                      3 ; Version 4.5.1 #15267 (MINGW64)
                                      4 ;--------------------------------------------------------
                                      5 	.module gameplay
                                      6 	
                                      7 ;--------------------------------------------------------
                                      8 ; Public variables in this module
                                      9 ;--------------------------------------------------------
                                     10 	.globl b_player_screen_y
                                     11 	.globl _player_screen_y
                                     12 	.globl b_player_update
                                     13 	.globl _player_update
                                     14 	.globl b_player_init
                                     15 	.globl _player_init
                                     16 	.globl _init_music_banked
                                     17 	.globl _fill_scroll_bg
                                     18 	.globl _draw_mt_column
                                     19 	.globl _load_bkg_tileset
                                     20 	.globl _puts
                                     21 	.globl _printf
                                     22 	.globl _gotoxy
                                     23 	.globl _font_set
                                     24 	.globl _font_load
                                     25 	.globl _font_init
                                     26 	.globl _fill_bkg_rect
                                     27 	.globl _set_sprite_data
                                     28 	.globl _display_off
                                     29 	.globl _wait_vbl_done
                                     30 	.globl _waitpadup
                                     31 	.globl _joypad
                                     32 	.globl b_setup_menu_font
                                     33 	.globl _setup_menu_font
                                     34 	.globl b_draw_menu
                                     35 	.globl _draw_menu
                                     36 	.globl b_play_level
                                     37 	.globl _play_level
                                     38 ;--------------------------------------------------------
                                     39 ; special function registers
                                     40 ;--------------------------------------------------------
                                     41 	.area _HRAM
                                     42 ;--------------------------------------------------------
                                     43 ; ram data
                                     44 ;--------------------------------------------------------
                                     45 	.area _DATA
                                     46 ;--------------------------------------------------------
                                     47 ; ram data
                                     48 ;--------------------------------------------------------
                                     49 	.area _INITIALIZED
                                     50 ;--------------------------------------------------------
                                     51 ; absolute external ram data
                                     52 ;--------------------------------------------------------
                                     53 	.area _DABS (ABS)
                                     54 ;--------------------------------------------------------
                                     55 ; global & static initialisations
                                     56 ;--------------------------------------------------------
                                     57 	.area _HOME
                                     58 	.area _GSINIT
                                     59 	.area _GSFINAL
                                     60 	.area _GSINIT
                                     61 ;--------------------------------------------------------
                                     62 ; Home
                                     63 ;--------------------------------------------------------
                                     64 	.area _HOME
                                     65 	.area _HOME
                                     66 ;--------------------------------------------------------
                                     67 ; code
                                     68 ;--------------------------------------------------------
                                     69 	.area _CODE_1
                                     70 ;src/gameplay.c:28: void setup_menu_font(void) BANKED {
                                     71 ;	---------------------------------
                                     72 ; Function setup_menu_font
                                     73 ; ---------------------------------
                         00000001    74 	b_setup_menu_font	= 1
    00000000                         75 _setup_menu_font::
                                     76 ;src/gameplay.c:29: font_init();
    00000000 CDr00r00         [24]   77 	call	_font_init
                                     78 ;src/gameplay.c:30: font_set(font_load(font_min));
    00000003 11r00r00         [12]   79 	ld	de, #_font_min
    00000006 D5               [16]   80 	push	de
    00000007 CDr00r00         [24]   81 	call	_font_load
    0000000A E1               [12]   82 	pop	hl
    0000000B D5               [16]   83 	push	de
    0000000C CDr00r00         [24]   84 	call	_font_set
    0000000F E1               [12]   85 	pop	hl
                                     86 ;src/gameplay.c:31: }
    00000010 C9               [16]   87 	ret
                                     88 ;src/gameplay.c:33: void draw_menu(void) BANKED {
                                     89 ;	---------------------------------
                                     90 ; Function draw_menu
                                     91 ; ---------------------------------
                         00000001    92 	b_draw_menu	= 1
    00000011                         93 _draw_menu::
                                     94 ;src/gameplay.c:34: fill_bkg_rect(0, 0, 20, 18, 0x00);
    00000011 AF               [ 4]   95 	xor	a, a
    00000012 67               [ 4]   96 	ld	h, a
    00000013 2E 12            [ 8]   97 	ld	l, #0x12
    00000015 E5               [16]   98 	push	hl
    00000016 3E 14            [ 8]   99 	ld	a, #0x14
    00000018 F5               [16]  100 	push	af
    00000019 33               [ 8]  101 	inc	sp
    0000001A AF               [ 4]  102 	xor	a, a
    0000001B 0F               [ 4]  103 	rrca
    0000001C F5               [16]  104 	push	af
    0000001D CDr00r00         [24]  105 	call	_fill_bkg_rect
    00000020 E8 05            [16]  106 	add	sp, #5
                                    107 ;src/gameplay.c:35: gotoxy(0, 0);
    00000022 AF               [ 4]  108 	xor	a, a
    00000023 0F               [ 4]  109 	rrca
    00000024 F5               [16]  110 	push	af
    00000025 CDr00r00         [24]  111 	call	_gotoxy
    00000028 E1               [12]  112 	pop	hl
                                    113 ;src/gameplay.c:36: printf("GBDASH DEMO 01\n\n");
    00000029 11r93r00         [12]  114 	ld	de, #___str_1
    0000002C CDr00r00         [24]  115 	call	_puts
                                    116 ;src/gameplay.c:37: for (uint8_t i = 0; i < MAX_LEVELS; i++) {
    0000002F 0E 00            [ 8]  117 	ld	c, #0x00
    00000031                        118 00106$:
    00000031 FAr00r00         [16]  119 	ld	a, (_MAX_LEVELS)
    00000034 47               [ 4]  120 	ld	b, a
                                    121 ;src/gameplay.c:38: gotoxy(1, 2 + i);
    00000035 79               [ 4]  122 	ld	a,c
    00000036 B8               [ 4]  123 	cp	a,b
    00000037 30 4F            [12]  124 	jr	NC, 00104$
    00000039 C6 02            [ 8]  125 	add	a, #0x02
    0000003B C5               [16]  126 	push	bc
    0000003C 67               [ 4]  127 	ld	h, a
    0000003D 2E 01            [ 8]  128 	ld	l, #0x01
    0000003F E5               [16]  129 	push	hl
    00000040 CDr00r00         [24]  130 	call	_gotoxy
    00000043 E1               [12]  131 	pop	hl
    00000044 C1               [12]  132 	pop	bc
                                    133 ;src/gameplay.c:39: if (i == selected) printf("0 %s", game_levels[i]->name);
    00000045 69               [ 4]  134 	ld	l, c
    00000046 26 00            [ 8]  135 	ld	h, #0x00
    00000048 29               [ 8]  136 	add	hl, hl
    00000049 45               [ 4]  137 	ld	b, l
    0000004A 5C               [ 4]  138 	ld	e, h
    0000004B FAr00r00         [16]  139 	ld	a, (#_selected)
    0000004E 91               [ 4]  140 	sub	a, c
    0000004F 20 1A            [12]  141 	jr	NZ, 00102$
    00000051 68               [ 4]  142 	ld	l, b
    00000052 63               [ 4]  143 	ld	h, e
    00000053 11r00r00         [12]  144 	ld	de, #_game_levels
    00000056 19               [ 8]  145 	add	hl, de
    00000057 2A               [ 8]  146 	ld	a,	(hl+)
    00000058 66               [ 8]  147 	ld	h, (hl)
    00000059 6F               [ 4]  148 	ld	l, a
    0000005A 2A               [ 8]  149 	ld	a,	(hl+)
    0000005B 66               [ 8]  150 	ld	h, (hl)
    0000005C 6F               [ 4]  151 	ld	l, a
    0000005D C5               [16]  152 	push	bc
    0000005E E5               [16]  153 	push	hl
    0000005F 11rA3r00         [12]  154 	ld	de, #___str_2
    00000062 D5               [16]  155 	push	de
    00000063 CDr00r00         [24]  156 	call	_printf
    00000066 E8 04            [16]  157 	add	sp, #4
    00000068 C1               [12]  158 	pop	bc
    00000069 18 1A            [12]  159 	jr	00107$
    0000006B                        160 00102$:
                                    161 ;src/gameplay.c:40: else printf(" %s", game_levels[i]->name);
    0000006B 3Er00            [ 8]  162 	ld	a, #<(_game_levels)
    0000006D 80               [ 4]  163 	add	a, b
    0000006E 6F               [ 4]  164 	ld	l, a
    0000006F 3Es00            [ 8]  165 	ld	a, #>(_game_levels)
    00000071 8B               [ 4]  166 	adc	a, e
    00000072 67               [ 4]  167 	ld	h, a
    00000073 2A               [ 8]  168 	ld	a,	(hl+)
    00000074 66               [ 8]  169 	ld	h, (hl)
    00000075 6F               [ 4]  170 	ld	l, a
    00000076 2A               [ 8]  171 	ld	a,	(hl+)
    00000077 66               [ 8]  172 	ld	h, (hl)
    00000078 6F               [ 4]  173 	ld	l, a
    00000079 C5               [16]  174 	push	bc
    0000007A E5               [16]  175 	push	hl
    0000007B 11rA8r00         [12]  176 	ld	de, #___str_3
    0000007E D5               [16]  177 	push	de
    0000007F CDr00r00         [24]  178 	call	_printf
    00000082 E8 04            [16]  179 	add	sp, #4
    00000084 C1               [12]  180 	pop	bc
    00000085                        181 00107$:
                                    182 ;src/gameplay.c:37: for (uint8_t i = 0; i < MAX_LEVELS; i++) {
    00000085 0C               [ 4]  183 	inc	c
    00000086 18 A9            [12]  184 	jr	00106$
    00000088                        185 00104$:
                                    186 ;src/gameplay.c:42: SHOW_BKG;
    00000088 F0r00            [12]  187 	ldh	a, (_LCDC_REG + 0)
    0000008A F6 01            [ 8]  188 	or	a, #0x01
    0000008C E0r00            [12]  189 	ldh	(_LCDC_REG + 0), a
                                    190 ;src/gameplay.c:43: redraw = 0;
    0000008E AF               [ 4]  191 	xor	a, a
    0000008F EAr00r00         [16]  192 	ld	(#_redraw),a
                                    193 ;src/gameplay.c:44: }
    00000092 C9               [16]  194 	ret
    00000093                        195 ___str_1:
    00000093 47 42 44 41 53 48 20   196 	.ascii "GBDASH DEMO 01"
             44 45 4D 4F 20 30 31
    000000A1 0A                     197 	.db 0x0a
    000000A2 00                     198 	.db 0x00
    000000A3                        199 ___str_2:
    000000A3 30 20 25 73            200 	.ascii "0 %s"
    000000A7 00                     201 	.db 0x00
    000000A8                        202 ___str_3:
    000000A8 20 25 73               203 	.ascii " %s"
    000000AB 00                     204 	.db 0x00
                                    205 ;src/gameplay.c:46: void play_level(uint8_t idx) BANKED {
                                    206 ;	---------------------------------
                                    207 ; Function play_level
                                    208 ; ---------------------------------
                         00000001   209 	b_play_level	= 1
    000000AC                        210 _play_level::
    000000AC E8 D4            [16]  211 	add	sp, #-44
                                    212 ;src/gameplay.c:57: l = game_levels[idx];
    000000AE 01r00r00         [12]  213 	ld	bc, #_game_levels+0
    000000B1 F8 32            [12]  214 	ldhl	sp,	#50
    000000B3 5E               [ 8]  215 	ld	e, (hl)
    000000B4 AF               [ 4]  216 	xor	a, a
    000000B5 CB 23            [ 8]  217 	sla	e
    000000B7 8F               [ 4]  218 	adc	a, a
    000000B8 F8 2A            [12]  219 	ldhl	sp,	#42
    000000BA 73               [ 8]  220 	ld	(hl), e
    000000BB 23               [ 8]  221 	inc	hl
    000000BC 32               [ 8]  222 	ld	(hl-), a
    000000BD 2A               [ 8]  223 	ld	a,	(hl+)
    000000BE 66               [ 8]  224 	ld	h, (hl)
    000000BF 6F               [ 4]  225 	ld	l, a
    000000C0 09               [ 8]  226 	add	hl, bc
    000000C1 4D               [ 4]  227 	ld	c, l
    000000C2 44               [ 4]  228 	ld	b, h
    000000C3 59               [ 4]  229 	ld	e, c
    000000C4 50               [ 4]  230 	ld	d, b
    000000C5 1A               [ 8]  231 	ld	a, (de)
    000000C6 F8 28            [12]  232 	ldhl	sp,	#40
    000000C8 22               [ 8]  233 	ld	(hl+), a
    000000C9 13               [ 8]  234 	inc	de
    000000CA 1A               [ 8]  235 	ld	a, (de)
                                    236 ;src/gameplay.c:58: level_tiles = l->tiles;
    000000CB 32               [ 8]  237 	ld	(hl-), a
    000000CC 2A               [ 8]  238 	ld	a, (hl+)
    000000CD 4F               [ 4]  239 	ld	c, a
    000000CE 46               [ 8]  240 	ld	b, (hl)
    000000CF 03               [ 8]  241 	inc	bc
    000000D0 03               [ 8]  242 	inc	bc
    000000D1 59               [ 4]  243 	ld	e, c
    000000D2 50               [ 4]  244 	ld	d, b
    000000D3 1A               [ 8]  245 	ld	a, (de)
    000000D4 F8 23            [12]  246 	ldhl	sp,	#35
    000000D6 22               [ 8]  247 	ld	(hl+), a
    000000D7 13               [ 8]  248 	inc	de
    000000D8 1A               [ 8]  249 	ld	a, (de)
    000000D9 77               [ 8]  250 	ld	(hl), a
                                    251 ;src/gameplay.c:59: level_map = l->map;
    000000DA F8 28            [12]  252 	ldhl	sp,#40
    000000DC 2A               [ 8]  253 	ld	a, (hl+)
    000000DD 5F               [ 4]  254 	ld	e, a
    000000DE 56               [ 8]  255 	ld	d, (hl)
    000000DF 21 04 00         [12]  256 	ld	hl, #0x0004
    000000E2 19               [ 8]  257 	add	hl, de
    000000E3 4D               [ 4]  258 	ld	c, l
    000000E4 44               [ 4]  259 	ld	b, h
    000000E5 59               [ 4]  260 	ld	e, c
    000000E6 50               [ 4]  261 	ld	d, b
    000000E7 1A               [ 8]  262 	ld	a, (de)
    000000E8 F8 0F            [12]  263 	ldhl	sp,	#15
    000000EA 22               [ 8]  264 	ld	(hl+), a
    000000EB 13               [ 8]  265 	inc	de
    000000EC 1A               [ 8]  266 	ld	a, (de)
    000000ED 77               [ 8]  267 	ld	(hl), a
                                    268 ;src/gameplay.c:60: level_tile_count = l->tile_count;
    000000EE F8 28            [12]  269 	ldhl	sp,#40
    000000F0 2A               [ 8]  270 	ld	a, (hl+)
    000000F1 5F               [ 4]  271 	ld	e, a
    000000F2 56               [ 8]  272 	ld	d, (hl)
    000000F3 21 06 00         [12]  273 	ld	hl, #0x0006
    000000F6 19               [ 8]  274 	add	hl, de
    000000F7 4D               [ 4]  275 	ld	c, l
    000000F8 44               [ 4]  276 	ld	b, h
    000000F9 59               [ 4]  277 	ld	e, c
    000000FA 50               [ 4]  278 	ld	d, b
    000000FB 1A               [ 8]  279 	ld	a, (de)
    000000FC F8 25            [12]  280 	ldhl	sp,	#37
    000000FE 22               [ 8]  281 	ld	(hl+), a
    000000FF 13               [ 8]  282 	inc	de
    00000100 1A               [ 8]  283 	ld	a, (de)
    00000101 77               [ 8]  284 	ld	(hl), a
                                    285 ;src/gameplay.c:61: level_map_w = l->map_width;
    00000102 F8 28            [12]  286 	ldhl	sp,#40
    00000104 2A               [ 8]  287 	ld	a, (hl+)
    00000105 5F               [ 4]  288 	ld	e, a
    00000106 56               [ 8]  289 	ld	d, (hl)
    00000107 21 08 00         [12]  290 	ld	hl, #0x0008
    0000010A 19               [ 8]  291 	add	hl, de
    0000010B 4D               [ 4]  292 	ld	c, l
    0000010C 44               [ 4]  293 	ld	b, h
    0000010D 59               [ 4]  294 	ld	e, c
    0000010E 50               [ 4]  295 	ld	d, b
    0000010F 1A               [ 8]  296 	ld	a, (de)
    00000110 F8 11            [12]  297 	ldhl	sp,	#17
    00000112 22               [ 8]  298 	ld	(hl+), a
    00000113 13               [ 8]  299 	inc	de
    00000114 1A               [ 8]  300 	ld	a, (de)
    00000115 77               [ 8]  301 	ld	(hl), a
                                    302 ;src/gameplay.c:62: level_map_h = l->map_height;
    00000116 F8 28            [12]  303 	ldhl	sp,#40
    00000118 2A               [ 8]  304 	ld	a, (hl+)
    00000119 5F               [ 4]  305 	ld	e, a
    0000011A 56               [ 8]  306 	ld	d, (hl)
    0000011B 21 0A 00         [12]  307 	ld	hl, #0x000a
    0000011E 19               [ 8]  308 	add	hl, de
    0000011F 4D               [ 4]  309 	ld	c, l
    00000120 44               [ 4]  310 	ld	b, h
    00000121 59               [ 4]  311 	ld	e, c
    00000122 50               [ 4]  312 	ld	d, b
    00000123 1A               [ 8]  313 	ld	a, (de)
    00000124 F8 13            [12]  314 	ldhl	sp,	#19
    00000126 22               [ 8]  315 	ld	(hl+), a
    00000127 13               [ 8]  316 	inc	de
    00000128 1A               [ 8]  317 	ld	a, (de)
    00000129 77               [ 8]  318 	ld	(hl), a
                                    319 ;src/gameplay.c:63: level_tiles_bank = BANK(chr_gb);
    0000012A F8 27            [12]  320 	ldhl	sp,	#39
                                    321 ;src/gameplay.c:64: level_map_bank = l->map_bank;
    0000012C 3Er00            [ 8]  322 	ld	a, #<(___bank_chr_gb)
    0000012E 22               [ 8]  323 	ld	(hl+), a
    0000012F 2A               [ 8]  324 	ld	a, (hl+)
    00000130 5F               [ 4]  325 	ld	e, a
    00000131 56               [ 8]  326 	ld	d, (hl)
    00000132 21 0E 00         [12]  327 	ld	hl, #0x000e
    00000135 19               [ 8]  328 	add	hl, de
    00000136 4D               [ 4]  329 	ld	c, l
    00000137 44               [ 4]  330 	ld	b, h
    00000138 0A               [ 8]  331 	ld	a, (bc)
    00000139 F8 15            [12]  332 	ldhl	sp,	#21
    0000013B 77               [ 8]  333 	ld	(hl), a
                                    334 ;src/gameplay.c:67: if (level_songs[idx]) {
    0000013C 11r00r00         [12]  335 	ld	de, #_level_songs
    0000013F F8 2A            [12]  336 	ldhl	sp,	#42
    00000141 2A               [ 8]  337 	ld	a,	(hl+)
    00000142 66               [ 8]  338 	ld	h, (hl)
    00000143 6F               [ 4]  339 	ld	l, a
    00000144 19               [ 8]  340 	add	hl, de
    00000145 E5               [16]  341 	push	hl
    00000146 7D               [ 4]  342 	ld	a, l
    00000147 F8 18            [12]  343 	ldhl	sp,	#24
    00000149 77               [ 8]  344 	ld	(hl), a
    0000014A E1               [12]  345 	pop	hl
    0000014B 7C               [ 4]  346 	ld	a, h
    0000014C F8 17            [12]  347 	ldhl	sp,	#23
    0000014E 32               [ 8]  348 	ld	(hl-), a
    0000014F 2A               [ 8]  349 	ld	a, (hl+)
    00000150 5F               [ 4]  350 	ld	e, a
    00000151 56               [ 8]  351 	ld	d, (hl)
    00000152 1A               [ 8]  352 	ld	a, (de)
    00000153 4F               [ 4]  353 	ld	c, a
    00000154 13               [ 8]  354 	inc	de
    00000155 1A               [ 8]  355 	ld	a, (de)
    00000156 47               [ 4]  356 	ld	b, a
    00000157 B1               [ 4]  357 	or	a, c
    00000158 28 25            [12]  358 	jr	Z, 00102$
                                    359 ;src/gameplay.c:68: init_music_banked(level_songs[idx], song_bank[idx], l->timer_divider);
    0000015A F8 28            [12]  360 	ldhl	sp,#40
    0000015C 2A               [ 8]  361 	ld	a, (hl+)
    0000015D 5F               [ 4]  362 	ld	e, a
    0000015E 56               [ 8]  363 	ld	d, (hl)
    0000015F 21 0F 00         [12]  364 	ld	hl, #0x000f
    00000162 19               [ 8]  365 	add	hl, de
    00000163 5D               [ 4]  366 	ld	e, l
    00000164 54               [ 4]  367 	ld	d, h
    00000165 1A               [ 8]  368 	ld	a, (de)
    00000166 F8 2B            [12]  369 	ldhl	sp,	#43
    00000168 77               [ 8]  370 	ld	(hl), a
    00000169 11r00r00         [12]  371 	ld	de, #_song_bank+0
    0000016C F8 32            [12]  372 	ldhl	sp,	#50
    0000016E 6E               [ 8]  373 	ld	l, (hl)
    0000016F 26 00            [ 8]  374 	ld	h, #0x00
    00000171 19               [ 8]  375 	add	hl, de
    00000172 5D               [ 4]  376 	ld	e, l
    00000173 54               [ 4]  377 	ld	d, h
    00000174 1A               [ 8]  378 	ld	a, (de)
    00000175 F8 2B            [12]  379 	ldhl	sp,	#43
    00000177 66               [ 8]  380 	ld	h, (hl)
    00000178 E5               [16]  381 	push	hl
    00000179 33               [ 8]  382 	inc	sp
    0000017A 59               [ 4]  383 	ld	e, c
    0000017B 50               [ 4]  384 	ld	d, b
    0000017C CDr00r00         [24]  385 	call	_init_music_banked
    0000017F                        386 00102$:
                                    387 ;src/gameplay.c:71: uint16_t cam_px = 0;
    0000017F AF               [ 4]  388 	xor	a, a
    00000180 F8 2A            [12]  389 	ldhl	sp,	#42
    00000182 22               [ 8]  390 	ld	(hl+), a
    00000183 77               [ 8]  391 	ld	(hl), a
                                    392 ;src/gameplay.c:72: uint16_t cam_py = 112;
    00000184 F8 18            [12]  393 	ldhl	sp,	#24
    00000186 3E 70            [ 8]  394 	ld	a, #0x70
    00000188 22               [ 8]  395 	ld	(hl+), a
    00000189 AF               [ 4]  396 	xor	a, a
    0000018A 77               [ 8]  397 	ld	(hl), a
                                    398 ;src/gameplay.c:73: uint16_t cam_py_max = (level_map_h << 4);
    0000018B F8 13            [12]  399 	ldhl	sp,	#19
    0000018D 2A               [ 8]  400 	ld	a, (hl+)
    0000018E 4E               [ 8]  401 	ld	c, (hl)
    0000018F 87               [ 4]  402 	add	a, a
    00000190 CB 11            [ 8]  403 	rl	c
    00000192 87               [ 4]  404 	add	a, a
    00000193 CB 11            [ 8]  405 	rl	c
    00000195 87               [ 4]  406 	add	a, a
    00000196 CB 11            [ 8]  407 	rl	c
    00000198 87               [ 4]  408 	add	a, a
    00000199 CB 11            [ 8]  409 	rl	c
                                    410 ;src/gameplay.c:74: if (cam_py_max > 144u) cam_py_max -= 144u;
    0000019B F8 21            [12]  411 	ldhl	sp,	#33
    0000019D 22               [ 8]  412 	ld	(hl+), a
    0000019E 79               [ 4]  413 	ld	a, c
    0000019F 32               [ 8]  414 	ld	(hl-), a
    000001A0 3E 90            [ 8]  415 	ld	a, #0x90
    000001A2 96               [ 8]  416 	sub	a, (hl)
    000001A3 23               [ 8]  417 	inc	hl
    000001A4 3E 00            [ 8]  418 	ld	a, #0x00
    000001A6 9E               [ 8]  419 	sbc	a, (hl)
    000001A7 30 15            [12]  420 	jr	NC, 00104$
    000001A9 F8 21            [12]  421 	ldhl	sp,#33
    000001AB 2A               [ 8]  422 	ld	a, (hl+)
    000001AC 5F               [ 4]  423 	ld	e, a
    000001AD 56               [ 8]  424 	ld	d, (hl)
    000001AE 21 90 00         [12]  425 	ld	hl, #0x0090
    000001B1 7B               [ 4]  426 	ld	a, e
    000001B2 95               [ 4]  427 	sub	a, l
    000001B3 5F               [ 4]  428 	ld	e, a
    000001B4 7A               [ 4]  429 	ld	a, d
    000001B5 9C               [ 4]  430 	sbc	a, h
    000001B6 4B               [ 4]  431 	ld	c, e
    000001B7 F8 1A            [12]  432 	ldhl	sp,	#26
    000001B9 71               [ 8]  433 	ld	(hl), c
    000001BA 23               [ 8]  434 	inc	hl
    000001BB 77               [ 8]  435 	ld	(hl), a
    000001BC 18 05            [12]  436 	jr	00105$
    000001BE                        437 00104$:
                                    438 ;src/gameplay.c:75: else cam_py_max = 0;
    000001BE AF               [ 4]  439 	xor	a, a
    000001BF F8 1A            [12]  440 	ldhl	sp,	#26
    000001C1 22               [ 8]  441 	ld	(hl+), a
    000001C2 77               [ 8]  442 	ld	(hl), a
    000001C3                        443 00105$:
                                    444 ;src/gameplay.c:76: uint16_t loaded_r = BKG_MT_W - 1;
    000001C3 F8 1C            [12]  445 	ldhl	sp,	#28
    000001C5 3E 0F            [ 8]  446 	ld	a, #0x0f
    000001C7 22               [ 8]  447 	ld	(hl+), a
    000001C8 AF               [ 4]  448 	xor	a, a
    000001C9 77               [ 8]  449 	ld	(hl), a
                                    450 ;src/gameplay.c:82: player_init(&player, 0, 240);
    000001CA 21 02 00         [12]  451 	ld	hl, #2
    000001CD 39               [ 8]  452 	add	hl, sp
    000001CE 11 F0 00         [12]  453 	ld	de, #0x00f0
    000001D1 D5               [16]  454 	push	de
    000001D2 11 00 00         [12]  455 	ld	de, #0x0000
    000001D5 D5               [16]  456 	push	de
    000001D6 E5               [16]  457 	push	hl
    000001D7 1Er00            [ 8]  458 	ld	e, #b_player_init
    000001D9 21r00r00         [12]  459 	ld	hl, #_player_init
    000001DC CDr00r00         [24]  460 	call	___sdcc_bcall_ehl
    000001DF E8 06            [16]  461 	add	sp, #6
                                    462 ;c:\gbdk\include\gb\gb.h:811: __asm__("di");
    000001E1 F3               [ 4]  463 	di
                                    464 ;src/gameplay.c:86: DISPLAY_OFF;
    000001E2 CDr00r00         [24]  465 	call	_display_off
                                    466 ;src/gameplay.c:87: load_bkg_tileset(level_tiles, level_tile_count, level_tiles_bank);
    000001E5 F8 27            [12]  467 	ldhl	sp,	#39
    000001E7 3A               [ 8]  468 	ld	a, (hl-)
    000001E8 2B               [ 8]  469 	dec	hl
    000001E9 F5               [16]  470 	push	af
    000001EA 33               [ 8]  471 	inc	sp
    000001EB 2A               [ 8]  472 	ld	a, (hl+)
    000001EC 4F               [ 4]  473 	ld	c, a
    000001ED 46               [ 8]  474 	ld	b, (hl)
    000001EE F8 24            [12]  475 	ldhl	sp,	#36
    000001F0 2A               [ 8]  476 	ld	a, (hl+)
    000001F1 5F               [ 4]  477 	ld	e, a
    000001F2 56               [ 8]  478 	ld	d, (hl)
    000001F3 CDr00r00         [24]  479 	call	_load_bkg_tileset
                                    480 ;src/gameplay.c:89: set_sprite_data(0, 8, icon1_tiles);
    000001F6 11r00r00         [12]  481 	ld	de, #_icon1_tiles
    000001F9 D5               [16]  482 	push	de
    000001FA 21 00 08         [12]  483 	ld	hl, #0x800
    000001FD E5               [16]  484 	push	hl
    000001FE CDr00r00         [24]  485 	call	_set_sprite_data
    00000201 E8 04            [16]  486 	add	sp, #4
                                    487 ;src/gameplay.c:90: set_sprite_data(8, 4, ship_tiles);
    00000203 11r00r00         [12]  488 	ld	de, #_ship_tiles
    00000206 D5               [16]  489 	push	de
    00000207 21 08 04         [12]  490 	ld	hl, #0x408
    0000020A E5               [16]  491 	push	hl
    0000020B CDr00r00         [24]  492 	call	_set_sprite_data
    0000020E E8 04            [16]  493 	add	sp, #4
                                    494 ;c:\gbdk\include\gb\gb.h:1461: SCX_REG=x, SCY_REG=y;
    00000210 AF               [ 4]  495 	xor	a, a
    00000211 E0r00            [12]  496 	ldh	(_SCX_REG + 0), a
    00000213 3E 70            [ 8]  497 	ld	a, #0x70
    00000215 E0r00            [12]  498 	ldh	(_SCY_REG + 0), a
                                    499 ;src/gameplay.c:93: fill_scroll_bg(level_map, level_map_w, level_map_h, level_map_bank);
    00000217 F8 15            [12]  500 	ldhl	sp,	#21
    00000219 3A               [ 8]  501 	ld	a, (hl-)
    0000021A 2B               [ 8]  502 	dec	hl
    0000021B F5               [16]  503 	push	af
    0000021C 33               [ 8]  504 	inc	sp
    0000021D 2A               [ 8]  505 	ld	a, (hl+)
    0000021E 5F               [ 4]  506 	ld	e, a
    0000021F 56               [ 8]  507 	ld	d, (hl)
    00000220 D5               [16]  508 	push	de
    00000221 F8 14            [12]  509 	ldhl	sp,	#20
    00000223 2A               [ 8]  510 	ld	a, (hl+)
    00000224 4F               [ 4]  511 	ld	c, a
    00000225 46               [ 8]  512 	ld	b, (hl)
    00000226 F8 12            [12]  513 	ldhl	sp,	#18
    00000228 2A               [ 8]  514 	ld	a, (hl+)
    00000229 5F               [ 4]  515 	ld	e, a
    0000022A 56               [ 8]  516 	ld	d, (hl)
    0000022B CDr00r00         [24]  517 	call	_fill_scroll_bg
                                    518 ;src/gameplay.c:95: BGP_REG = 0xE4;
    0000022E 3E E4            [ 8]  519 	ld	a, #0xe4
    00000230 E0r00            [12]  520 	ldh	(_BGP_REG + 0), a
                                    521 ;src/gameplay.c:96: OBP0_REG = 0xE4;
    00000232 3E E4            [ 8]  522 	ld	a, #0xe4
    00000234 E0r00            [12]  523 	ldh	(_OBP0_REG + 0), a
                                    524 ;src/gameplay.c:97: SPRITES_8x16;
    00000236 F0r00            [12]  525 	ldh	a, (_LCDC_REG + 0)
    00000238 F6 04            [ 8]  526 	or	a, #0x04
    0000023A E0r00            [12]  527 	ldh	(_LCDC_REG + 0), a
                                    528 ;src/gameplay.c:99: SHOW_BKG;
    0000023C F0r00            [12]  529 	ldh	a, (_LCDC_REG + 0)
    0000023E F6 01            [ 8]  530 	or	a, #0x01
    00000240 E0r00            [12]  531 	ldh	(_LCDC_REG + 0), a
                                    532 ;src/gameplay.c:100: SHOW_SPRITES;
    00000242 F0r00            [12]  533 	ldh	a, (_LCDC_REG + 0)
    00000244 F6 02            [ 8]  534 	or	a, #0x02
    00000246 E0r00            [12]  535 	ldh	(_LCDC_REG + 0), a
                                    536 ;src/gameplay.c:101: DISPLAY_ON;
    00000248 F0r00            [12]  537 	ldh	a, (_LCDC_REG + 0)
    0000024A F6 80            [ 8]  538 	or	a, #0x80
    0000024C E0r00            [12]  539 	ldh	(_LCDC_REG + 0), a
                                    540 ;c:\gbdk\include\gb\gb.h:795: __asm__("ei");
    0000024E FB               [ 4]  541 	ei
                                    542 ;src/gameplay.c:104: waitpadup();
    0000024F CDr00r00         [24]  543 	call	_waitpadup
                                    544 ;src/gameplay.c:106: uint16_t scroll_acc = 0;
    00000252 F8 1E            [12]  545 	ldhl	sp,	#30
                                    546 ;src/gameplay.c:107: uint8_t prev_joy = 0;
    00000254 AF               [ 4]  547 	xor	a, a
    00000255 22               [ 8]  548 	ld	(hl+), a
    00000256 77               [ 8]  549 	ld	(hl), a
                                    550 ;src/gameplay.c:108: while (1) {
    00000257 F8 32            [12]  551 	ldhl	sp,	#50
    00000259 7E               [ 8]  552 	ld	a, (hl)
    0000025A 3D               [ 4]  553 	dec	a
    0000025B 3E 01            [ 8]  554 	ld	a, #0x01
    0000025D 28 01            [12]  555 	jr	Z, 00472$
    0000025F AF               [ 4]  556 	xor	a, a
    00000260                        557 00472$:
    00000260 F8 20            [12]  558 	ldhl	sp,	#32
    00000262 77               [ 8]  559 	ld	(hl), a
    00000263 F8 32            [12]  560 	ldhl	sp,	#50
    00000265 7E               [ 8]  561 	ld	a, (hl)
    00000266 D6 02            [ 8]  562 	sub	a, #0x02
    00000268 3E 01            [ 8]  563 	ld	a, #0x01
    0000026A 28 01            [12]  564 	jr	Z, 00474$
    0000026C AF               [ 4]  565 	xor	a, a
    0000026D                        566 00474$:
    0000026D F8 21            [12]  567 	ldhl	sp,	#33
    0000026F 77               [ 8]  568 	ld	(hl), a
    00000270 F8 32            [12]  569 	ldhl	sp,	#50
    00000272 7E               [ 8]  570 	ld	a, (hl)
    00000273 D6 03            [ 8]  571 	sub	a, #0x03
    00000275 3E 01            [ 8]  572 	ld	a, #0x01
    00000277 28 01            [12]  573 	jr	Z, 00476$
    00000279 AF               [ 4]  574 	xor	a, a
    0000027A                        575 00476$:
    0000027A F8 22            [12]  576 	ldhl	sp,	#34
    0000027C 77               [ 8]  577 	ld	(hl), a
    0000027D F8 28            [12]  578 	ldhl	sp,#40
    0000027F 2A               [ 8]  579 	ld	a, (hl+)
    00000280 5F               [ 4]  580 	ld	e, a
    00000281 56               [ 8]  581 	ld	d, (hl)
    00000282 21 0F 00         [12]  582 	ld	hl, #0x000f
    00000285 19               [ 8]  583 	add	hl, de
    00000286 E5               [16]  584 	push	hl
    00000287 7D               [ 4]  585 	ld	a, l
    00000288 F8 25            [12]  586 	ldhl	sp,	#37
    0000028A 77               [ 8]  587 	ld	(hl), a
    0000028B E1               [12]  588 	pop	hl
    0000028C 7C               [ 4]  589 	ld	a, h
    0000028D F8 24            [12]  590 	ldhl	sp,	#36
    0000028F 77               [ 8]  591 	ld	(hl), a
    00000290 11r00r00         [12]  592 	ld	de, #_song_bank
    00000293 F8 32            [12]  593 	ldhl	sp,	#50
    00000295 6E               [ 8]  594 	ld	l, (hl)
    00000296 26 00            [ 8]  595 	ld	h, #0x00
    00000298 19               [ 8]  596 	add	hl, de
    00000299 E5               [16]  597 	push	hl
    0000029A 7D               [ 4]  598 	ld	a, l
    0000029B F8 27            [12]  599 	ldhl	sp,	#39
    0000029D 77               [ 8]  600 	ld	(hl), a
    0000029E E1               [12]  601 	pop	hl
    0000029F 7C               [ 4]  602 	ld	a, h
    000002A0 F8 26            [12]  603 	ldhl	sp,	#38
    000002A2 77               [ 8]  604 	ld	(hl), a
    000002A3                        605 00177$:
                                    606 ;src/gameplay.c:109: wait_vbl_done();
    000002A3 CDr00r00         [24]  607 	call	_wait_vbl_done
                                    608 ;src/gameplay.c:110: uint8_t joy = joypad();
    000002A6 CDr00r00         [24]  609 	call	_joypad
    000002A9 4F               [ 4]  610 	ld	c, a
                                    611 ;src/gameplay.c:111: if (joy & J_START) break;
    000002AA CB 79            [ 8]  612 	bit	7, c
    000002AC C2r1Fr07         [16]  613 	jp	NZ, 00178$
                                    614 ;src/gameplay.c:114: if ((joy & J_B) && !(prev_joy & J_B)) {
    000002AF CB 69            [ 8]  615 	bit	5, c
    000002B1 28 12            [12]  616 	jr	Z, 00109$
    000002B3 E5               [16]  617 	push	hl
    000002B4 F8 21            [12]  618 	ldhl	sp,	#33
    000002B6 CB 6E            [12]  619 	bit	5, (hl)
    000002B8 E1               [12]  620 	pop	hl
    000002B9 20 0A            [12]  621 	jr	NZ, 00109$
                                    622 ;src/gameplay.c:115: player_noclip = !player_noclip;
    000002BB 21r00r00         [12]  623 	ld	hl, #_player_noclip
    000002BE 7E               [ 8]  624 	ld	a, (hl)
    000002BF D6 01            [ 8]  625 	sub	a, #0x01
    000002C1 3E 00            [ 8]  626 	ld	a, #0x00
    000002C3 17               [ 4]  627 	rla
    000002C4 77               [ 8]  628 	ld	(hl), a
    000002C5                        629 00109$:
                                    630 ;src/gameplay.c:117: prev_joy = joy;
    000002C5 F8 1F            [12]  631 	ldhl	sp,	#31
    000002C7 71               [ 8]  632 	ld	(hl), c
                                    633 ;src/gameplay.c:120: if (cam_px < ((level_map_w - VIEW_MT_W) << 4)) {
    000002C8 F8 11            [12]  634 	ldhl	sp,	#17
    000002CA 2A               [ 8]  635 	ld	a, (hl+)
    000002CB 46               [ 8]  636 	ld	b, (hl)
    000002CC C6 F6            [ 8]  637 	add	a, #0xf6
    000002CE 6F               [ 4]  638 	ld	l, a
    000002CF 78               [ 4]  639 	ld	a, b
    000002D0 CE FF            [ 8]  640 	adc	a, #0xff
    000002D2 67               [ 4]  641 	ld	h, a
    000002D3 29               [ 8]  642 	add	hl, hl
    000002D4 29               [ 8]  643 	add	hl, hl
    000002D5 29               [ 8]  644 	add	hl, hl
    000002D6 29               [ 8]  645 	add	hl, hl
    000002D7 45               [ 4]  646 	ld	b, l
    000002D8 5C               [ 4]  647 	ld	e, h
    000002D9 F8 2A            [12]  648 	ldhl	sp,	#42
    000002DB 3A               [ 8]  649 	ld	a, (hl-)
    000002DC 2B               [ 8]  650 	dec	hl
    000002DD 77               [ 8]  651 	ld	(hl), a
    000002DE F8 2B            [12]  652 	ldhl	sp,	#43
    000002E0 3A               [ 8]  653 	ld	a, (hl-)
    000002E1 2B               [ 8]  654 	dec	hl
    000002E2 32               [ 8]  655 	ld	(hl-), a
    000002E3 2A               [ 8]  656 	ld	a, (hl+)
    000002E4 90               [ 4]  657 	sub	a, b
    000002E5 7E               [ 8]  658 	ld	a, (hl)
    000002E6 9B               [ 4]  659 	sbc	a, e
    000002E7 D2r8Er03         [16]  660 	jp	NC, 00117$
                                    661 ;src/gameplay.c:121: uint16_t px_prev = cam_px >> 4;
    000002EA 23               [ 8]  662 	inc	hl
    000002EB 3A               [ 8]  663 	ld	a, (hl-)
    000002EC 2B               [ 8]  664 	dec	hl
    000002ED 77               [ 8]  665 	ld	(hl), a
    000002EE F8 2B            [12]  666 	ldhl	sp,	#43
    000002F0 3A               [ 8]  667 	ld	a, (hl-)
    000002F1 2B               [ 8]  668 	dec	hl
    000002F2 77               [ 8]  669 	ld	(hl), a
    000002F3 CB 3E            [16]  670 	srl	(hl)
    000002F5 2B               [ 8]  671 	dec	hl
    000002F6 CB 1E            [16]  672 	rr	(hl)
    000002F8 23               [ 8]  673 	inc	hl
    000002F9 CB 3E            [16]  674 	srl	(hl)
    000002FB 2B               [ 8]  675 	dec	hl
    000002FC CB 1E            [16]  676 	rr	(hl)
    000002FE 23               [ 8]  677 	inc	hl
    000002FF CB 3E            [16]  678 	srl	(hl)
    00000301 2B               [ 8]  679 	dec	hl
    00000302 CB 1E            [16]  680 	rr	(hl)
    00000304 23               [ 8]  681 	inc	hl
    00000305 CB 3E            [16]  682 	srl	(hl)
    00000307 2B               [ 8]  683 	dec	hl
    00000308 CB 1E            [16]  684 	rr	(hl)
                                    685 ;src/gameplay.c:122: scroll_acc += SCROLL_SPEED_FP;
    0000030A F8 1E            [12]  686 	ldhl	sp,	#30
    0000030C 5E               [ 8]  687 	ld	e, (hl)
    0000030D 16 00            [ 8]  688 	ld	d, #0x00
    0000030F 21 5C 03         [12]  689 	ld	hl, #0x035c
    00000312 19               [ 8]  690 	add	hl, de
    00000313 5D               [ 4]  691 	ld	e, l
    00000314 54               [ 4]  692 	ld	d, h
                                    693 ;src/gameplay.c:123: cam_px += scroll_acc >> 8;
    00000315 F8 00            [12]  694 	ldhl	sp,	#0
    00000317 7A               [ 4]  695 	ld	a, d
    00000318 22               [ 8]  696 	ld	(hl+), a
    00000319 AF               [ 4]  697 	xor	a, a
    0000031A 32               [ 8]  698 	ld	(hl-), a
    0000031B D5               [16]  699 	push	de
    0000031C 2A               [ 8]  700 	ld	a, (hl+)
    0000031D 5F               [ 4]  701 	ld	e, a
    0000031E 56               [ 8]  702 	ld	d, (hl)
    0000031F F8 2C            [12]  703 	ldhl	sp,	#44
    00000321 2A               [ 8]  704 	ld	a,	(hl+)
    00000322 66               [ 8]  705 	ld	h, (hl)
    00000323 6F               [ 4]  706 	ld	l, a
    00000324 19               [ 8]  707 	add	hl, de
    00000325 D1               [12]  708 	pop	de
    00000326 E5               [16]  709 	push	hl
    00000327 7D               [ 4]  710 	ld	a, l
    00000328 F8 2C            [12]  711 	ldhl	sp,	#44
    0000032A 77               [ 8]  712 	ld	(hl), a
    0000032B E1               [12]  713 	pop	hl
    0000032C 7C               [ 4]  714 	ld	a, h
    0000032D F8 2B            [12]  715 	ldhl	sp,	#43
    0000032F 77               [ 8]  716 	ld	(hl), a
                                    717 ;src/gameplay.c:124: scroll_acc &= 0xFF;
    00000330 F8 1E            [12]  718 	ldhl	sp,	#30
    00000332 73               [ 8]  719 	ld	(hl), e
                                    720 ;src/gameplay.c:125: uint16_t px_curr = cam_px >> 4;
    00000333 F8 2A            [12]  721 	ldhl	sp,#42
    00000335 2A               [ 8]  722 	ld	a, (hl+)
    00000336 5F               [ 4]  723 	ld	e, a
    00000337 56               [ 8]  724 	ld	d, (hl)
    00000338 CB 3A            [ 8]  725 	srl	d
    0000033A CB 1B            [ 8]  726 	rr	e
    0000033C CB 3A            [ 8]  727 	srl	d
    0000033E CB 1B            [ 8]  728 	rr	e
    00000340 CB 3A            [ 8]  729 	srl	d
    00000342 CB 1B            [ 8]  730 	rr	e
    00000344 CB 3A            [ 8]  731 	srl	d
    00000346 CB 1B            [ 8]  732 	rr	e
                                    733 ;src/gameplay.c:126: if (px_curr != px_prev) {
    00000348 F8 28            [12]  734 	ldhl	sp,	#40
    0000034A 7E               [ 8]  735 	ld	a, (hl)
    0000034B 93               [ 4]  736 	sub	a, e
    0000034C 20 05            [12]  737 	jr	NZ, 00482$
    0000034E 23               [ 8]  738 	inc	hl
    0000034F 7E               [ 8]  739 	ld	a, (hl)
    00000350 92               [ 4]  740 	sub	a, d
    00000351 28 3B            [12]  741 	jr	Z, 00117$
    00000353                        742 00482$:
                                    743 ;src/gameplay.c:127: uint16_t need = px_curr + VIEW_MT_W;
    00000353 21 0A 00         [12]  744 	ld	hl, #0x000a
    00000356 19               [ 8]  745 	add	hl, de
    00000357 5D               [ 4]  746 	ld	e, l
    00000358 54               [ 4]  747 	ld	d, h
                                    748 ;src/gameplay.c:128: if (need > loaded_r && need < level_map_w) {
    00000359 F8 1C            [12]  749 	ldhl	sp,	#28
    0000035B 2A               [ 8]  750 	ld	a, (hl+)
    0000035C 93               [ 4]  751 	sub	a, e
    0000035D 7E               [ 8]  752 	ld	a, (hl)
    0000035E 9A               [ 4]  753 	sbc	a, d
    0000035F 30 2D            [12]  754 	jr	NC, 00117$
    00000361 F8 11            [12]  755 	ldhl	sp,	#17
    00000363 7B               [ 4]  756 	ld	a, e
    00000364 96               [ 8]  757 	sub	a, (hl)
    00000365 23               [ 8]  758 	inc	hl
    00000366 7A               [ 4]  759 	ld	a, d
    00000367 9E               [ 8]  760 	sbc	a, (hl)
    00000368 30 24            [12]  761 	jr	NC, 00117$
                                    762 ;src/gameplay.c:129: loaded_r = need;
    0000036A F8 1C            [12]  763 	ldhl	sp,	#28
    0000036C 7B               [ 4]  764 	ld	a, e
    0000036D 22               [ 8]  765 	ld	(hl+), a
    0000036E 72               [ 8]  766 	ld	(hl), d
                                    767 ;src/gameplay.c:130: draw_mt_column((uint8_t)(need % BKG_MT_W), need, level_map, level_map_w, level_map_h, level_map_bank);
    0000036F 7B               [ 4]  768 	ld	a, e
    00000370 E6 0F            [ 8]  769 	and	a, #0x0f
    00000372 47               [ 4]  770 	ld	b, a
    00000373 C5               [16]  771 	push	bc
    00000374 F8 17            [12]  772 	ldhl	sp,	#23
    00000376 3A               [ 8]  773 	ld	a, (hl-)
    00000377 F5               [16]  774 	push	af
    00000378 33               [ 8]  775 	inc	sp
    00000379 3A               [ 8]  776 	ld	a, (hl-)
    0000037A 6E               [ 8]  777 	ld	l, (hl)
    0000037B 67               [ 4]  778 	ld	h, a
    0000037C E5               [16]  779 	push	hl
    0000037D F8 16            [12]  780 	ldhl	sp,	#22
    0000037F 2A               [ 8]  781 	ld	a, (hl+)
    00000380 66               [ 8]  782 	ld	h, (hl)
    00000381 6F               [ 4]  783 	ld	l, a
    00000382 E5               [16]  784 	push	hl
    00000383 F8 16            [12]  785 	ldhl	sp,	#22
    00000385 2A               [ 8]  786 	ld	a, (hl+)
    00000386 66               [ 8]  787 	ld	h, (hl)
    00000387 6F               [ 4]  788 	ld	l, a
    00000388 E5               [16]  789 	push	hl
    00000389 78               [ 4]  790 	ld	a, b
    0000038A CDr00r00         [24]  791 	call	_draw_mt_column
    0000038D C1               [12]  792 	pop	bc
    0000038E                        793 00117$:
                                    794 ;src/gameplay.c:135: player.world_x = cam_px;
    0000038E F8 2A            [12]  795 	ldhl	sp,	#42
    00000390 7E               [ 8]  796 	ld	a, (hl)
    00000391 F8 02            [12]  797 	ldhl	sp,	#2
    00000393 77               [ 8]  798 	ld	(hl), a
    00000394 F8 2B            [12]  799 	ldhl	sp,	#43
    00000396 7E               [ 8]  800 	ld	a, (hl)
    00000397 F8 03            [12]  801 	ldhl	sp,	#3
    00000399 77               [ 8]  802 	ld	(hl), a
                                    803 ;src/gameplay.c:138: if (idx == 0) {
    0000039A F8 32            [12]  804 	ldhl	sp,	#50
    0000039C 7E               [ 8]  805 	ld	a, (hl)
    0000039D B7               [ 4]  806 	or	a, a
    0000039E 20 40            [12]  807 	jr	NZ, 00127$
                                    808 ;src/gameplay.c:139: uint16_t col = (player.world_x + 8) >> 4;
    000003A0 F8 02            [12]  809 	ldhl	sp,	#2
    000003A2 2A               [ 8]  810 	ld	a, (hl+)
    000003A3 47               [ 4]  811 	ld	b, a
    000003A4 66               [ 8]  812 	ld	h, (hl)
    000003A5 68               [ 4]  813 	ld	l, b
    000003A6 11 08 00         [12]  814 	ld	de, #0x0008
    000003A9 19               [ 8]  815 	add	hl, de
    000003AA AF               [ 4]  816 	xor	a, a
    000003AB 29               [ 8]  817 	add	hl, hl
    000003AC 17               [ 4]  818 	rla
    000003AD 29               [ 8]  819 	add	hl, hl
    000003AE 17               [ 4]  820 	rla
    000003AF 29               [ 8]  821 	add	hl, hl
    000003B0 17               [ 4]  822 	rla
    000003B1 29               [ 8]  823 	add	hl, hl
    000003B2 17               [ 4]  824 	rla
    000003B3 47               [ 4]  825 	ld	b, a
                                    826 ;src/gameplay.c:140: if (col == 266) player.mode = MODE_SHIP; // 266
    000003B4 7C               [ 4]  827 	ld	a, h
    000003B5 D6 0A            [ 8]  828 	sub	a, #0x0a
    000003B7 20 0A            [12]  829 	jr	NZ, 00124$
    000003B9 78               [ 4]  830 	ld	a, b
    000003BA 3D               [ 4]  831 	dec	a
    000003BB 20 06            [12]  832 	jr	NZ, 00124$
    000003BD F8 0B            [12]  833 	ldhl	sp,	#11
    000003BF 36 01            [12]  834 	ld	(hl), #0x01
    000003C1 18 1D            [12]  835 	jr	00127$
    000003C3                        836 00124$:
                                    837 ;src/gameplay.c:141: else if (col == 418) player.mode = MODE_CUBE;
    000003C3 7C               [ 4]  838 	ld	a, h
    000003C4 D6 A2            [ 8]  839 	sub	a, #0xa2
    000003C6 20 0A            [12]  840 	jr	NZ, 00121$
    000003C8 78               [ 4]  841 	ld	a, b
    000003C9 3D               [ 4]  842 	dec	a
    000003CA 20 06            [12]  843 	jr	NZ, 00121$
    000003CC F8 0B            [12]  844 	ldhl	sp,	#11
    000003CE 36 00            [12]  845 	ld	(hl), #0x00
    000003D0 18 0E            [12]  846 	jr	00127$
    000003D2                        847 00121$:
                                    848 ;src/gameplay.c:142: else if (col == 763) player.mode = MODE_SHIP;
    000003D2 7C               [ 4]  849 	ld	a, h
    000003D3 D6 FB            [ 8]  850 	sub	a, #0xfb
    000003D5 20 09            [12]  851 	jr	NZ, 00127$
    000003D7 78               [ 4]  852 	ld	a, b
    000003D8 D6 02            [ 8]  853 	sub	a, #0x02
    000003DA 20 04            [12]  854 	jr	NZ, 00127$
    000003DC F8 0B            [12]  855 	ldhl	sp,	#11
    000003DE 36 01            [12]  856 	ld	(hl), #0x01
    000003E0                        857 00127$:
                                    858 ;src/gameplay.c:145: if (idx == 1) {
    000003E0 F8 20            [12]  859 	ldhl	sp,	#32
    000003E2 7E               [ 8]  860 	ld	a, (hl)
    000003E3 B7               [ 4]  861 	or	a, a
    000003E4 28 31            [12]  862 	jr	Z, 00134$
                                    863 ;src/gameplay.c:146: uint16_t col = (player.world_x + 8) >> 4;
    000003E6 F8 02            [12]  864 	ldhl	sp,	#2
    000003E8 2A               [ 8]  865 	ld	a, (hl+)
    000003E9 47               [ 4]  866 	ld	b, a
    000003EA 66               [ 8]  867 	ld	h, (hl)
    000003EB 68               [ 4]  868 	ld	l, b
    000003EC 11 08 00         [12]  869 	ld	de, #0x0008
    000003EF 19               [ 8]  870 	add	hl, de
    000003F0 AF               [ 4]  871 	xor	a, a
    000003F1 29               [ 8]  872 	add	hl, hl
    000003F2 17               [ 4]  873 	rla
    000003F3 29               [ 8]  874 	add	hl, hl
    000003F4 17               [ 4]  875 	rla
    000003F5 29               [ 8]  876 	add	hl, hl
    000003F6 17               [ 4]  877 	rla
    000003F7 29               [ 8]  878 	add	hl, hl
    000003F8 17               [ 4]  879 	rla
    000003F9 47               [ 4]  880 	ld	b, a
                                    881 ;src/gameplay.c:147: if (col == 421) player.mode = MODE_SHIP;
    000003FA 7C               [ 4]  882 	ld	a, h
    000003FB D6 A5            [ 8]  883 	sub	a, #0xa5
    000003FD 20 0A            [12]  884 	jr	NZ, 00131$
    000003FF 78               [ 4]  885 	ld	a, b
    00000400 3D               [ 4]  886 	dec	a
    00000401 20 06            [12]  887 	jr	NZ, 00131$
    00000403 F8 0B            [12]  888 	ldhl	sp,	#11
    00000405 36 01            [12]  889 	ld	(hl), #0x01
    00000407 18 0E            [12]  890 	jr	00134$
    00000409                        891 00131$:
                                    892 ;src/gameplay.c:148: else if (col == 559) player.mode = MODE_CUBE;
    00000409 7C               [ 4]  893 	ld	a, h
    0000040A D6 2F            [ 8]  894 	sub	a, #0x2f
    0000040C 20 09            [12]  895 	jr	NZ, 00134$
    0000040E 78               [ 4]  896 	ld	a, b
    0000040F D6 02            [ 8]  897 	sub	a, #0x02
    00000411 20 04            [12]  898 	jr	NZ, 00134$
    00000413 F8 0B            [12]  899 	ldhl	sp,	#11
    00000415 36 00            [12]  900 	ld	(hl), #0x00
    00000417                        901 00134$:
                                    902 ;src/gameplay.c:151: if (idx == 2) {
    00000417 F8 21            [12]  903 	ldhl	sp,	#33
    00000419 7E               [ 8]  904 	ld	a, (hl)
    0000041A B7               [ 4]  905 	or	a, a
    0000041B 28 2F            [12]  906 	jr	Z, 00141$
                                    907 ;src/gameplay.c:152: uint16_t col = (player.world_x + 8) >> 4;
    0000041D F8 02            [12]  908 	ldhl	sp,	#2
    0000041F 2A               [ 8]  909 	ld	a, (hl+)
    00000420 47               [ 4]  910 	ld	b, a
    00000421 66               [ 8]  911 	ld	h, (hl)
    00000422 68               [ 4]  912 	ld	l, b
    00000423 11 08 00         [12]  913 	ld	de, #0x0008
    00000426 19               [ 8]  914 	add	hl, de
    00000427 AF               [ 4]  915 	xor	a, a
    00000428 29               [ 8]  916 	add	hl, hl
    00000429 17               [ 4]  917 	rla
    0000042A 29               [ 8]  918 	add	hl, hl
    0000042B 17               [ 4]  919 	rla
    0000042C 29               [ 8]  920 	add	hl, hl
    0000042D 17               [ 4]  921 	rla
    0000042E 29               [ 8]  922 	add	hl, hl
    0000042F 17               [ 4]  923 	rla
    00000430 47               [ 4]  924 	ld	b, a
                                    925 ;src/gameplay.c:153: if (col == 321) player.mode = MODE_SHIP;
    00000431 7C               [ 4]  926 	ld	a, h
    00000432 D6 41            [ 8]  927 	sub	a, #0x41
    00000434 20 0A            [12]  928 	jr	NZ, 00138$
    00000436 78               [ 4]  929 	ld	a, b
    00000437 3D               [ 4]  930 	dec	a
    00000438 20 06            [12]  931 	jr	NZ, 00138$
    0000043A F8 0B            [12]  932 	ldhl	sp,	#11
    0000043C 36 01            [12]  933 	ld	(hl), #0x01
    0000043E 18 0C            [12]  934 	jr	00141$
    00000440                        935 00138$:
                                    936 ;src/gameplay.c:154: else if (col == 443) player.mode = MODE_CUBE;
    00000440 7C               [ 4]  937 	ld	a, h
    00000441 D6 BB            [ 8]  938 	sub	a, #0xbb
    00000443 20 07            [12]  939 	jr	NZ, 00141$
    00000445 05               [ 4]  940 	dec	b
    00000446 20 04            [12]  941 	jr	NZ, 00141$
    00000448 F8 0B            [12]  942 	ldhl	sp,	#11
    0000044A 36 00            [12]  943 	ld	(hl), #0x00
    0000044C                        944 00141$:
                                    945 ;src/gameplay.c:157: if (idx == 3) {
    0000044C F8 22            [12]  946 	ldhl	sp,	#34
    0000044E 7E               [ 8]  947 	ld	a, (hl)
    0000044F B7               [ 4]  948 	or	a, a
    00000450 28 32            [12]  949 	jr	Z, 00148$
                                    950 ;src/gameplay.c:158: uint16_t col = (player.world_x + 8) >> 4;
    00000452 F8 02            [12]  951 	ldhl	sp,	#2
    00000454 2A               [ 8]  952 	ld	a, (hl+)
    00000455 47               [ 4]  953 	ld	b, a
    00000456 66               [ 8]  954 	ld	h, (hl)
    00000457 68               [ 4]  955 	ld	l, b
    00000458 11 08 00         [12]  956 	ld	de, #0x0008
    0000045B 19               [ 8]  957 	add	hl, de
    0000045C AF               [ 4]  958 	xor	a, a
    0000045D 29               [ 8]  959 	add	hl, hl
    0000045E 17               [ 4]  960 	rla
    0000045F 29               [ 8]  961 	add	hl, hl
    00000460 17               [ 4]  962 	rla
    00000461 29               [ 8]  963 	add	hl, hl
    00000462 17               [ 4]  964 	rla
    00000463 29               [ 8]  965 	add	hl, hl
    00000464 17               [ 4]  966 	rla
    00000465 47               [ 4]  967 	ld	b, a
                                    968 ;src/gameplay.c:159: if (col == 566) player.mode = MODE_SHIP;
    00000466 7C               [ 4]  969 	ld	a, h
    00000467 D6 36            [ 8]  970 	sub	a, #0x36
    00000469 20 0B            [12]  971 	jr	NZ, 00145$
    0000046B 78               [ 4]  972 	ld	a, b
    0000046C D6 02            [ 8]  973 	sub	a, #0x02
    0000046E 20 06            [12]  974 	jr	NZ, 00145$
    00000470 F8 0B            [12]  975 	ldhl	sp,	#11
    00000472 36 01            [12]  976 	ld	(hl), #0x01
    00000474 18 0E            [12]  977 	jr	00148$
    00000476                        978 00145$:
                                    979 ;src/gameplay.c:160: else if (col == 707) player.mode = MODE_CUBE;
    00000476 7C               [ 4]  980 	ld	a, h
    00000477 D6 C3            [ 8]  981 	sub	a, #0xc3
    00000479 20 09            [12]  982 	jr	NZ, 00148$
    0000047B 78               [ 4]  983 	ld	a, b
    0000047C D6 02            [ 8]  984 	sub	a, #0x02
    0000047E 20 04            [12]  985 	jr	NZ, 00148$
    00000480 F8 0B            [12]  986 	ldhl	sp,	#11
    00000482 36 00            [12]  987 	ld	(hl), #0x00
    00000484                        988 00148$:
                                    989 ;src/gameplay.c:82: player_init(&player, 0, 240);
                                    990 ;src/gameplay.c:164: died = player_update(&player, joy, level_map, level_map_w, level_map_h, level_map_bank);
    00000484 F8 15            [12]  991 	ldhl	sp,	#21
    00000486 3A               [ 8]  992 	ld	a, (hl-)
    00000487 2B               [ 8]  993 	dec	hl
    00000488 F5               [16]  994 	push	af
    00000489 33               [ 8]  995 	inc	sp
    0000048A 2A               [ 8]  996 	ld	a, (hl+)
    0000048B 5F               [ 4]  997 	ld	e, a
    0000048C 56               [ 8]  998 	ld	d, (hl)
    0000048D D5               [16]  999 	push	de
    0000048E F8 14            [12] 1000 	ldhl	sp,	#20
    00000490 2A               [ 8] 1001 	ld	a, (hl+)
    00000491 5F               [ 4] 1002 	ld	e, a
    00000492 56               [ 8] 1003 	ld	d, (hl)
    00000493 D5               [16] 1004 	push	de
    00000494 F8 14            [12] 1005 	ldhl	sp,	#20
    00000496 2A               [ 8] 1006 	ld	a, (hl+)
    00000497 5F               [ 4] 1007 	ld	e, a
    00000498 56               [ 8] 1008 	ld	d, (hl)
    00000499 D5               [16] 1009 	push	de
    0000049A 79               [ 4] 1010 	ld	a, c
    0000049B F5               [16] 1011 	push	af
    0000049C 33               [ 8] 1012 	inc	sp
    0000049D 21 0A 00         [12] 1013 	ld	hl, #10
    000004A0 39               [ 8] 1014 	add	hl, sp
    000004A1 5D               [ 4] 1015 	ld	e, l
    000004A2 54               [ 4] 1016 	ld	d, h
    000004A3 D5               [16] 1017 	push	de
    000004A4 1Er00            [ 8] 1018 	ld	e, #b_player_update
    000004A6 21r00r00         [12] 1019 	ld	hl, #_player_update
    000004A9 CDr00r00         [24] 1020 	call	___sdcc_bcall_ehl
    000004AC E8 0A            [16] 1021 	add	sp, #10
    000004AE F8 27            [12] 1022 	ldhl	sp,	#39
    000004B0 77               [ 8] 1023 	ld	(hl), a
                                   1024 ;src/gameplay.c:167: py = player_screen_y(&player, cam_py);
    000004B1 F8 18            [12] 1025 	ldhl	sp,	#24
    000004B3 5E               [ 8] 1026 	ld	e, (hl)
    000004B4 23               [ 8] 1027 	inc	hl
    000004B5 56               [ 8] 1028 	ld	d, (hl)
    000004B6 D5               [16] 1029 	push	de
    000004B7 21 04 00         [12] 1030 	ld	hl, #4
    000004BA 39               [ 8] 1031 	add	hl, sp
    000004BB 5D               [ 4] 1032 	ld	e, l
    000004BC 54               [ 4] 1033 	ld	d, h
    000004BD D5               [16] 1034 	push	de
    000004BE 1Er00            [ 8] 1035 	ld	e, #b_player_screen_y
    000004C0 21r00r00         [12] 1036 	ld	hl, #_player_screen_y
    000004C3 CDr00r00         [24] 1037 	call	___sdcc_bcall_ehl
    000004C6 E8 04            [16] 1038 	add	sp, #4
                                   1039 ;src/gameplay.c:168: if (py < CAM_Y_TOP_ZONE) {
    000004C8 F8 28            [12] 1040 	ldhl	sp,	#40
    000004CA 79               [ 4] 1041 	ld	a, c
    000004CB 22               [ 8] 1042 	ld	(hl+), a
    000004CC 70               [ 8] 1043 	ld	(hl), b
                                   1044 ;src/gameplay.c:171: if ((uint16_t)target_cam_py > cam_py_max) target_cam_py = (int16_t)cam_py_max;
    000004CD F8 1A            [12] 1045 	ldhl	sp,	#26
    000004CF 7E               [ 8] 1046 	ld	a, (hl)
    000004D0 F8 00            [12] 1047 	ldhl	sp,	#0
    000004D2 77               [ 8] 1048 	ld	(hl), a
    000004D3 F8 1B            [12] 1049 	ldhl	sp,	#27
    000004D5 7E               [ 8] 1050 	ld	a, (hl)
    000004D6 F8 01            [12] 1051 	ldhl	sp,	#1
    000004D8 77               [ 8] 1052 	ld	(hl), a
                                   1053 ;src/gameplay.c:168: if (py < CAM_Y_TOP_ZONE) {
    000004D9 F8 28            [12] 1054 	ldhl	sp,	#40
    000004DB 2A               [ 8] 1055 	ld	a, (hl+)
    000004DC D6 14            [ 8] 1056 	sub	a, #0x14
    000004DE 7E               [ 8] 1057 	ld	a, (hl)
    000004DF DE 00            [ 8] 1058 	sbc	a, #0x00
    000004E1 56               [ 8] 1059 	ld	d, (hl)
    000004E2 3E 00            [ 8] 1060 	ld	a, #0x00
    000004E4 CB 7F            [ 8] 1061 	bit	7,a
    000004E6 28 07            [12] 1062 	jr	Z, 00501$
    000004E8 CB 7A            [ 8] 1063 	bit	7, d
    000004EA 20 08            [12] 1064 	jr	NZ, 00502$
    000004EC BF               [ 4] 1065 	cp	a, a
    000004ED 18 05            [12] 1066 	jr	00502$
    000004EF                       1067 00501$:
    000004EF CB 7A            [ 8] 1068 	bit	7, d
    000004F1 28 01            [12] 1069 	jr	Z, 00502$
    000004F3 37               [ 4] 1070 	scf
    000004F4                       1071 00502$:
    000004F4 30 28            [12] 1072 	jr	NC, 00160$
                                   1073 ;src/gameplay.c:169: int16_t target_cam_py = player.world_y - CAM_Y_TOP_ZONE;
    000004F6 F8 04            [12] 1074 	ldhl	sp,	#4
    000004F8 2A               [ 8] 1075 	ld	a, (hl+)
    000004F9 4F               [ 4] 1076 	ld	c, a
    000004FA 46               [ 8] 1077 	ld	b, (hl)
    000004FB 79               [ 4] 1078 	ld	a, c
    000004FC C6 EC            [ 8] 1079 	add	a, #0xec
    000004FE 4F               [ 4] 1080 	ld	c, a
    000004FF 78               [ 4] 1081 	ld	a, b
    00000500 CE FF            [ 8] 1082 	adc	a, #0xff
    00000502 47               [ 4] 1083 	ld	b, a
                                   1084 ;src/gameplay.c:170: if (target_cam_py < 0) target_cam_py = 0;
    00000503 60               [ 4] 1085 	ld	h, b
    00000504 CB 7C            [ 8] 1086 	bit	7, h
    00000506 28 03            [12] 1087 	jr	Z, 00150$
    00000508 01 00 00         [12] 1088 	ld	bc, #0x0000
    0000050B                       1089 00150$:
                                   1090 ;src/gameplay.c:171: if ((uint16_t)target_cam_py > cam_py_max) target_cam_py = (int16_t)cam_py_max;
    0000050B 59               [ 4] 1091 	ld	e, c
    0000050C 50               [ 4] 1092 	ld	d, b
    0000050D F8 1A            [12] 1093 	ldhl	sp,	#26
    0000050F 2A               [ 8] 1094 	ld	a, (hl+)
    00000510 93               [ 4] 1095 	sub	a, e
    00000511 7E               [ 8] 1096 	ld	a, (hl)
    00000512 9A               [ 4] 1097 	sbc	a, d
    00000513 30 02            [12] 1098 	jr	NC, 00152$
    00000515 C1               [12] 1099 	pop	bc
    00000516 C5               [16] 1100 	push	bc
    00000517                       1101 00152$:
                                   1102 ;src/gameplay.c:172: cam_py = (uint16_t)target_cam_py;
    00000517 F8 18            [12] 1103 	ldhl	sp,	#24
    00000519 79               [ 4] 1104 	ld	a, c
    0000051A 22               [ 8] 1105 	ld	(hl+), a
    0000051B 70               [ 8] 1106 	ld	(hl), b
    0000051C 18 4A            [12] 1107 	jr	00161$
    0000051E                       1108 00160$:
                                   1109 ;src/gameplay.c:173: } else if (py > CAM_Y_BOTTOM_ZONE) {
    0000051E F8 28            [12] 1110 	ldhl	sp,	#40
    00000520 3E 64            [ 8] 1111 	ld	a, #0x64
    00000522 96               [ 8] 1112 	sub	a, (hl)
    00000523 23               [ 8] 1113 	inc	hl
    00000524 3E 00            [ 8] 1114 	ld	a, #0x00
    00000526 9E               [ 8] 1115 	sbc	a, (hl)
    00000527 30 3F            [12] 1116 	jr	NC, 00161$
                                   1117 ;src/gameplay.c:174: int16_t target_cam_py = player.world_y - CAM_Y_BOTTOM_ZONE;
    00000529 F8 04            [12] 1118 	ldhl	sp,	#4
    0000052B 2A               [ 8] 1119 	ld	a, (hl+)
    0000052C 4F               [ 4] 1120 	ld	c, a
    0000052D 46               [ 8] 1121 	ld	b, (hl)
    0000052E 79               [ 4] 1122 	ld	a, c
    0000052F C6 9C            [ 8] 1123 	add	a, #0x9c
    00000531 4F               [ 4] 1124 	ld	c, a
    00000532 78               [ 4] 1125 	ld	a, b
    00000533 CE FF            [ 8] 1126 	adc	a, #0xff
    00000535 F8 28            [12] 1127 	ldhl	sp,	#40
    00000537 71               [ 8] 1128 	ld	(hl), c
    00000538 23               [ 8] 1129 	inc	hl
                                   1130 ;src/gameplay.c:175: if (target_cam_py < 0) target_cam_py = 0;
    00000539 32               [ 8] 1131 	ld	(hl-), a
    0000053A 2A               [ 8] 1132 	ld	a, (hl+)
    0000053B CB 7E            [12] 1133 	bit	7, (hl)
    0000053D 28 04            [12] 1134 	jr	Z, 00154$
    0000053F 2B               [ 8] 1135 	dec	hl
    00000540 AF               [ 4] 1136 	xor	a, a
    00000541 22               [ 8] 1137 	ld	(hl+), a
    00000542 77               [ 8] 1138 	ld	(hl), a
    00000543                       1139 00154$:
                                   1140 ;src/gameplay.c:176: if ((uint16_t)target_cam_py > cam_py_max) target_cam_py = (int16_t)cam_py_max;
    00000543 F8 28            [12] 1141 	ldhl	sp,	#40
    00000545 2A               [ 8] 1142 	ld	a, (hl+)
    00000546 4F               [ 4] 1143 	ld	c, a
    00000547 46               [ 8] 1144 	ld	b, (hl)
    00000548 F8 1A            [12] 1145 	ldhl	sp,	#26
    0000054A 2A               [ 8] 1146 	ld	a, (hl+)
    0000054B 91               [ 4] 1147 	sub	a, c
    0000054C 7E               [ 8] 1148 	ld	a, (hl)
    0000054D 98               [ 4] 1149 	sbc	a, b
    0000054E 30 0C            [12] 1150 	jr	NC, 00156$
    00000550 F8 00            [12] 1151 	ldhl	sp,	#0
    00000552 7E               [ 8] 1152 	ld	a, (hl)
    00000553 F8 28            [12] 1153 	ldhl	sp,	#40
    00000555 77               [ 8] 1154 	ld	(hl), a
    00000556 F8 01            [12] 1155 	ldhl	sp,	#1
    00000558 7E               [ 8] 1156 	ld	a, (hl)
    00000559 F8 29            [12] 1157 	ldhl	sp,	#41
    0000055B 77               [ 8] 1158 	ld	(hl), a
    0000055C                       1159 00156$:
                                   1160 ;src/gameplay.c:177: cam_py = (uint16_t)target_cam_py;
    0000055C F8 28            [12] 1161 	ldhl	sp,	#40
    0000055E 7E               [ 8] 1162 	ld	a, (hl)
    0000055F F8 18            [12] 1163 	ldhl	sp,	#24
    00000561 77               [ 8] 1164 	ld	(hl), a
    00000562 F8 29            [12] 1165 	ldhl	sp,	#41
    00000564 7E               [ 8] 1166 	ld	a, (hl)
    00000565 F8 19            [12] 1167 	ldhl	sp,	#25
    00000567 77               [ 8] 1168 	ld	(hl), a
    00000568                       1169 00161$:
                                   1170 ;src/gameplay.c:180: if (died) {
    00000568 F8 27            [12] 1171 	ldhl	sp,	#39
    0000056A 7E               [ 8] 1172 	ld	a, (hl)
    0000056B B7               [ 4] 1173 	or	a, a
    0000056C CAr05r06         [16] 1174 	jp	Z, 00166$
                                   1175 ;src/gameplay.c:181: TAC_REG = 0x00;   // Stop music timer immediately
    0000056F AF               [ 4] 1176 	xor	a, a
    00000570 E0r00            [12] 1177 	ldh	(_TAC_REG + 0), a
                                   1178 ;src/gameplay.c:183: NR52_REG = 0x00; // Silence
    00000572 AF               [ 4] 1179 	xor	a, a
    00000573 E0r00            [12] 1180 	ldh	(_NR52_REG + 0), a
                                   1181 ;src/gameplay.c:184: for (uint8_t i = 0; i < 4; i++) wait_vbl_done();
    00000575 0E 00            [ 8] 1182 	ld	c, #0x00
    00000577                       1183 00194$:
    00000577 79               [ 4] 1184 	ld	a, c
    00000578 D6 04            [ 8] 1185 	sub	a, #0x04
    0000057A 30 06            [12] 1186 	jr	NC, 00162$
    0000057C CDr00r00         [24] 1187 	call	_wait_vbl_done
    0000057F 0C               [ 4] 1188 	inc	c
    00000580 18 F5            [12] 1189 	jr	00194$
    00000582                       1190 00162$:
                                   1191 ;src/gameplay.c:185: NR52_REG = 0x80;
    00000582 3E 80            [ 8] 1192 	ld	a, #0x80
    00000584 E0r00            [12] 1193 	ldh	(_NR52_REG + 0), a
                                   1194 ;src/gameplay.c:186: NR51_REG = 0xFF;
    00000586 3E FF            [ 8] 1195 	ld	a, #0xff
    00000588 E0r00            [12] 1196 	ldh	(_NR51_REG + 0), a
                                   1197 ;src/gameplay.c:187: NR50_REG = 0x77;
    0000058A 3E 77            [ 8] 1198 	ld	a, #0x77
    0000058C E0r00            [12] 1199 	ldh	(_NR50_REG + 0), a
                                   1200 ;src/gameplay.c:189: if (level_songs[idx]) {
    0000058E F8 16            [12] 1201 	ldhl	sp,#22
    00000590 2A               [ 8] 1202 	ld	a, (hl+)
    00000591 5F               [ 4] 1203 	ld	e, a
    00000592 56               [ 8] 1204 	ld	d, (hl)
    00000593 1A               [ 8] 1205 	ld	a, (de)
    00000594 4F               [ 4] 1206 	ld	c, a
    00000595 13               [ 8] 1207 	inc	de
    00000596 1A               [ 8] 1208 	ld	a, (de)
    00000597 47               [ 4] 1209 	ld	b, a
    00000598 B1               [ 4] 1210 	or	a, c
    00000599 28 12            [12] 1211 	jr	Z, 00164$
                                   1212 ;src/gameplay.c:190: init_music_banked(level_songs[idx], song_bank[idx], l->timer_divider);
    0000059B F8 23            [12] 1213 	ldhl	sp,#35
    0000059D 2A               [ 8] 1214 	ld	a, (hl+)
    0000059E 5F               [ 4] 1215 	ld	e, a
    0000059F 2A               [ 8] 1216 	ld	a, (hl+)
    000005A0 57               [ 4] 1217 	ld	d, a
    000005A1 1A               [ 8] 1218 	ld	a, (de)
    000005A2 5E               [ 8] 1219 	ld	e, (hl)
    000005A3 23               [ 8] 1220 	inc	hl
    000005A4 56               [ 8] 1221 	ld	d, (hl)
    000005A5 F5               [16] 1222 	push	af
    000005A6 1A               [ 8] 1223 	ld	a, (de)
    000005A7 33               [ 8] 1224 	inc	sp
    000005A8 59               [ 4] 1225 	ld	e, c
    000005A9 50               [ 4] 1226 	ld	d, b
    000005AA CDr00r00         [24] 1227 	call	_init_music_banked
    000005AD                       1228 00164$:
                                   1229 ;c:\gbdk\include\gb\gb.h:811: __asm__("di");
    000005AD F3               [ 4] 1230 	di
                                   1231 ;src/gameplay.c:194: cam_px = 0;
    000005AE AF               [ 4] 1232 	xor	a, a
    000005AF F8 2A            [12] 1233 	ldhl	sp,	#42
    000005B1 22               [ 8] 1234 	ld	(hl+), a
    000005B2 77               [ 8] 1235 	ld	(hl), a
                                   1236 ;src/gameplay.c:195: cam_py = 112;
    000005B3 F8 18            [12] 1237 	ldhl	sp,	#24
    000005B5 3E 70            [ 8] 1238 	ld	a, #0x70
    000005B7 22               [ 8] 1239 	ld	(hl+), a
    000005B8 AF               [ 4] 1240 	xor	a, a
    000005B9 77               [ 8] 1241 	ld	(hl), a
                                   1242 ;src/gameplay.c:196: scroll_acc = 0;
    000005BA F8 1E            [12] 1243 	ldhl	sp,	#30
                                   1244 ;src/gameplay.c:197: loaded_r = BKG_MT_W - 1;
    000005BC AF               [ 4] 1245 	xor	a, a
    000005BD 32               [ 8] 1246 	ld	(hl-), a
    000005BE 2B               [ 8] 1247 	dec	hl
    000005BF 3E 0F            [ 8] 1248 	ld	a, #0x0f
    000005C1 22               [ 8] 1249 	ld	(hl+), a
    000005C2 AF               [ 4] 1250 	xor	a, a
    000005C3 77               [ 8] 1251 	ld	(hl), a
                                   1252 ;src/gameplay.c:198: player_init(&player, 0, 240);
    000005C4 11 F0 00         [12] 1253 	ld	de, #0x00f0
    000005C7 D5               [16] 1254 	push	de
    000005C8 11 00 00         [12] 1255 	ld	de, #0x0000
    000005CB D5               [16] 1256 	push	de
    000005CC 21 06 00         [12] 1257 	ld	hl, #6
    000005CF 39               [ 8] 1258 	add	hl, sp
    000005D0 5D               [ 4] 1259 	ld	e, l
    000005D1 54               [ 4] 1260 	ld	d, h
    000005D2 D5               [16] 1261 	push	de
    000005D3 1Er00            [ 8] 1262 	ld	e, #b_player_init
    000005D5 21r00r00         [12] 1263 	ld	hl, #_player_init
    000005D8 CDr00r00         [24] 1264 	call	___sdcc_bcall_ehl
    000005DB E8 06            [16] 1265 	add	sp, #6
                                   1266 ;c:\gbdk\include\gb\gb.h:1461: SCX_REG=x, SCY_REG=y;
    000005DD AF               [ 4] 1267 	xor	a, a
    000005DE E0r00            [12] 1268 	ldh	(_SCX_REG + 0), a
    000005E0 3E 70            [ 8] 1269 	ld	a, #0x70
    000005E2 E0r00            [12] 1270 	ldh	(_SCY_REG + 0), a
                                   1271 ;src/gameplay.c:200: fill_scroll_bg(level_map, level_map_w, level_map_h, level_map_bank);
    000005E4 F8 15            [12] 1272 	ldhl	sp,	#21
    000005E6 3A               [ 8] 1273 	ld	a, (hl-)
    000005E7 2B               [ 8] 1274 	dec	hl
    000005E8 F5               [16] 1275 	push	af
    000005E9 33               [ 8] 1276 	inc	sp
    000005EA 2A               [ 8] 1277 	ld	a, (hl+)
    000005EB 5F               [ 4] 1278 	ld	e, a
    000005EC 56               [ 8] 1279 	ld	d, (hl)
    000005ED D5               [16] 1280 	push	de
    000005EE F8 14            [12] 1281 	ldhl	sp,	#20
    000005F0 2A               [ 8] 1282 	ld	a, (hl+)
    000005F1 4F               [ 4] 1283 	ld	c, a
    000005F2 46               [ 8] 1284 	ld	b, (hl)
    000005F3 F8 12            [12] 1285 	ldhl	sp,	#18
    000005F5 2A               [ 8] 1286 	ld	a, (hl+)
    000005F6 5F               [ 4] 1287 	ld	e, a
    000005F7 56               [ 8] 1288 	ld	d, (hl)
    000005F8 CDr00r00         [24] 1289 	call	_fill_scroll_bg
                                   1290 ;src/gameplay.c:202: TAC_REG = 0x04;
    000005FB 3E 04            [ 8] 1291 	ld	a, #0x04
    000005FD E0r00            [12] 1292 	ldh	(_TAC_REG + 0), a
                                   1293 ;src/gameplay.c:203: music_ready = 1;
    000005FF 21r00r00         [12] 1294 	ld	hl, #_music_ready
    00000602 36 01            [12] 1295 	ld	(hl), #0x01
                                   1296 ;c:\gbdk\include\gb\gb.h:795: __asm__("ei");
    00000604 FB               [ 4] 1297 	ei
                                   1298 ;src/gameplay.c:204: enable_interrupts();
    00000605                       1299 00166$:
                                   1300 ;src/gameplay.c:208: uint16_t scroll_px = (cam_px > PLAYER_SCREEN_X) ? (cam_px - PLAYER_SCREEN_X) : 0;
    00000605 F8 2A            [12] 1301 	ldhl	sp,	#42
    00000607 3A               [ 8] 1302 	ld	a, (hl-)
    00000608 2B               [ 8] 1303 	dec	hl
    00000609 77               [ 8] 1304 	ld	(hl), a
    0000060A F8 2B            [12] 1305 	ldhl	sp,	#43
    0000060C 3A               [ 8] 1306 	ld	a, (hl-)
    0000060D 2B               [ 8] 1307 	dec	hl
    0000060E 32               [ 8] 1308 	ld	(hl-), a
    0000060F 3E 20            [ 8] 1309 	ld	a, #0x20
    00000611 96               [ 8] 1310 	sub	a, (hl)
    00000612 23               [ 8] 1311 	inc	hl
    00000613 3E 00            [ 8] 1312 	ld	a, #0x00
    00000615 9E               [ 8] 1313 	sbc	a, (hl)
    00000616 30 0D            [12] 1314 	jr	NC, 00198$
    00000618 F8 28            [12] 1315 	ldhl	sp,#40
    0000061A 2A               [ 8] 1316 	ld	a, (hl+)
    0000061B 5F               [ 4] 1317 	ld	e, a
    0000061C 56               [ 8] 1318 	ld	d, (hl)
    0000061D 21 20 00         [12] 1319 	ld	hl, #0x0020
    00000620 7B               [ 4] 1320 	ld	a, e
    00000621 95               [ 4] 1321 	sub	a, l
    00000622 4F               [ 4] 1322 	ld	c, a
    00000623 18 02            [12] 1323 	jr	00199$
    00000625                       1324 00198$:
    00000625 0E 00            [ 8] 1325 	ld	c, #0x00
    00000627                       1326 00199$:
    00000627 F8 27            [12] 1327 	ldhl	sp,	#39
                                   1328 ;src/gameplay.c:209: uint8_t sprite_x = (cam_px < PLAYER_SCREEN_X) ? (uint8_t)cam_px : PLAYER_SCREEN_X;
    00000629 79               [ 4] 1329 	ld	a, c
    0000062A 22               [ 8] 1330 	ld	(hl+), a
    0000062B 2A               [ 8] 1331 	ld	a, (hl+)
    0000062C D6 20            [ 8] 1332 	sub	a, #0x20
    0000062E 7E               [ 8] 1333 	ld	a, (hl)
    0000062F DE 00            [ 8] 1334 	sbc	a, #0x00
    00000631 30 06            [12] 1335 	jr	NC, 00200$
    00000633 23               [ 8] 1336 	inc	hl
    00000634 3A               [ 8] 1337 	ld	a, (hl-)
    00000635 77               [ 8] 1338 	ld	(hl), a
    00000636 7E               [ 8] 1339 	ld	a, (hl)
    00000637 18 02            [12] 1340 	jr	00201$
    00000639                       1341 00200$:
    00000639 3E 20            [ 8] 1342 	ld	a, #0x20
    0000063B                       1343 00201$:
    0000063B F8 01            [12] 1344 	ldhl	sp,	#1
    0000063D 77               [ 8] 1345 	ld	(hl), a
                                   1346 ;src/gameplay.c:211: py = player_screen_y(&player, cam_py);
    0000063E F8 18            [12] 1347 	ldhl	sp,	#24
    00000640 5E               [ 8] 1348 	ld	e, (hl)
    00000641 23               [ 8] 1349 	inc	hl
    00000642 56               [ 8] 1350 	ld	d, (hl)
    00000643 D5               [16] 1351 	push	de
    00000644 21 04 00         [12] 1352 	ld	hl, #4
    00000647 39               [ 8] 1353 	add	hl, sp
    00000648 5D               [ 4] 1354 	ld	e, l
    00000649 54               [ 4] 1355 	ld	d, h
    0000064A D5               [16] 1356 	push	de
    0000064B 1Er00            [ 8] 1357 	ld	e, #b_player_screen_y
    0000064D 21r00r00         [12] 1358 	ld	hl, #_player_screen_y
    00000650 CDr00r00         [24] 1359 	call	___sdcc_bcall_ehl
    00000653 E8 04            [16] 1360 	add	sp, #4
    00000655 F8 28            [12] 1361 	ldhl	sp,	#40
    00000657 79               [ 4] 1362 	ld	a, c
    00000658 22               [ 8] 1363 	ld	(hl+), a
    00000659 70               [ 8] 1364 	ld	(hl), b
                                   1365 ;src/gameplay.c:212: if (player.mode == MODE_SHIP) {
    0000065A F8 0B            [12] 1366 	ldhl	sp,	#11
    0000065C 4E               [ 8] 1367 	ld	c, (hl)
                                   1368 ;src/gameplay.c:214: move_metasprite_vflip(ship_metasprites[0], 0, 0, sprite_x + 8, py + 16);
    0000065D F8 28            [12] 1369 	ldhl	sp,	#40
    0000065F 7E               [ 8] 1370 	ld	a, (hl)
    00000660 F8 01            [12] 1371 	ldhl	sp,	#1
    00000662 5E               [ 8] 1372 	ld	e, (hl)
    00000663 C6 10            [ 8] 1373 	add	a, #0x10
    00000665 F8 28            [12] 1374 	ldhl	sp,	#40
    00000667 22               [ 8] 1375 	ld	(hl+), a
    00000668 7B               [ 4] 1376 	ld	a, e
    00000669 C6 08            [ 8] 1377 	add	a, #0x08
    0000066B 77               [ 8] 1378 	ld	(hl), a
                                   1379 ;src/gameplay.c:212: if (player.mode == MODE_SHIP) {
    0000066C 0D               [ 4] 1380 	dec	c
    0000066D 20 4B            [12] 1381 	jr	NZ, 00174$
                                   1382 ;src/gameplay.c:213: if (player.gravity_flipped) {
    0000066F F8 0A            [12] 1383 	ldhl	sp,	#10
    00000671 7E               [ 8] 1384 	ld	a, (hl)
    00000672 B7               [ 4] 1385 	or	a, a
    00000673 28 24            [12] 1386 	jr	Z, 00168$
                                   1387 ;src/gameplay.c:214: move_metasprite_vflip(ship_metasprites[0], 0, 0, sprite_x + 8, py + 16);
    00000675 F8 28            [12] 1388 	ldhl	sp,	#40
    00000677 2A               [ 8] 1389 	ld	a, (hl+)
    00000678 47               [ 4] 1390 	ld	b, a
    00000679 4E               [ 8] 1391 	ld	c, (hl)
    0000067A 21r00r00         [12] 1392 	ld	hl, #_ship_metasprites
    0000067D 2A               [ 8] 1393 	ld	a,	(hl+)
    0000067E 66               [ 8] 1394 	ld	h, (hl)
                                   1395 ;c:\gbdk\include\gb\metasprites.h:209: __current_metasprite = metasprite;
    0000067F 5F               [ 4] 1396 	ld	e, a
    00000680 54               [ 4] 1397 	ld	d, h
    00000681 21r00r00         [12] 1398 	ld	hl, #___current_metasprite
    00000684 7B               [ 4] 1399 	ld	a, e
    00000685 22               [ 8] 1400 	ld	(hl+), a
    00000686 72               [ 8] 1401 	ld	(hl), d
                                   1402 ;c:\gbdk\include\gb\metasprites.h:210: __current_base_tile = base_tile;
                                   1403 ;c:\gbdk\include\gb\metasprites.h:211: __current_base_prop = 0;
    00000687 AF               [ 4] 1404 	xor	a, a
    00000688 EAr00r00         [16] 1405 	ld	(#___current_base_tile), a
    0000068B EAr00r00         [16] 1406 	ld	(#___current_base_prop),a
                                   1407 ;c:\gbdk\include\gb\metasprites.h:212: return __move_metasprite_vflip(base_sprite, (y << 8) | (uint8_t)(x - 8u));
    0000068E 50               [ 4] 1408 	ld	d, b
    0000068F 79               [ 4] 1409 	ld	a, c
    00000690 C6 F8            [ 8] 1410 	add	a, #0xf8
    00000692 5F               [ 4] 1411 	ld	e, a
    00000693 AF               [ 4] 1412 	xor	a, a
    00000694 CDr00r00         [24] 1413 	call	___move_metasprite_vflip
                                   1414 ;src/gameplay.c:214: move_metasprite_vflip(ship_metasprites[0], 0, 0, sprite_x + 8, py + 16);
    00000697 18 78            [12] 1415 	jr	00175$
    00000699                       1416 00168$:
                                   1417 ;src/gameplay.c:216: move_metasprite(ship_metasprites[0], 0, 0, sprite_x + 8, py + 16);
    00000699 F8 28            [12] 1418 	ldhl	sp,	#40
    0000069B 2A               [ 8] 1419 	ld	a, (hl+)
    0000069C 47               [ 4] 1420 	ld	b, a
    0000069D 4E               [ 8] 1421 	ld	c, (hl)
    0000069E 21r00r00         [12] 1422 	ld	hl, #_ship_metasprites
    000006A1 2A               [ 8] 1423 	ld	a,	(hl+)
    000006A2 66               [ 8] 1424 	ld	h, (hl)
                                   1425 ;c:\gbdk\include\gb\metasprites.h:169: __current_metasprite = metasprite;
    000006A3 5F               [ 4] 1426 	ld	e, a
    000006A4 54               [ 4] 1427 	ld	d, h
    000006A5 21r00r00         [12] 1428 	ld	hl, #___current_metasprite
    000006A8 7B               [ 4] 1429 	ld	a, e
    000006A9 22               [ 8] 1430 	ld	(hl+), a
    000006AA 72               [ 8] 1431 	ld	(hl), d
                                   1432 ;c:\gbdk\include\gb\metasprites.h:170: __current_base_tile = base_tile;
                                   1433 ;c:\gbdk\include\gb\metasprites.h:171: __current_base_prop = 0;
    000006AB AF               [ 4] 1434 	xor	a, a
    000006AC EAr00r00         [16] 1435 	ld	(#___current_base_tile), a
    000006AF EAr00r00         [16] 1436 	ld	(#___current_base_prop),a
                                   1437 ;c:\gbdk\include\gb\metasprites.h:172: return __move_metasprite(base_sprite, (y << 8) | (uint8_t)x);
    000006B2 50               [ 4] 1438 	ld	d, b
    000006B3 59               [ 4] 1439 	ld	e, c
    000006B4 AF               [ 4] 1440 	xor	a, a
    000006B5 CDr00r00         [24] 1441 	call	___move_metasprite
                                   1442 ;src/gameplay.c:216: move_metasprite(ship_metasprites[0], 0, 0, sprite_x + 8, py + 16);
    000006B8 18 57            [12] 1443 	jr	00175$
    000006BA                       1444 00174$:
                                   1445 ;src/gameplay.c:219: if (player.gravity_flipped) {
    000006BA F8 0A            [12] 1446 	ldhl	sp,	#10
    000006BC 7E               [ 8] 1447 	ld	a, (hl)
    000006BD B7               [ 4] 1448 	or	a, a
    000006BE 28 2B            [12] 1449 	jr	Z, 00171$
                                   1450 ;src/gameplay.c:220: move_metasprite_vflip(icon1_metasprites[player.anim_frame], 0, 0, sprite_x + 8, py + 16);
    000006C0 F8 28            [12] 1451 	ldhl	sp,	#40
    000006C2 2A               [ 8] 1452 	ld	a, (hl+)
    000006C3 47               [ 4] 1453 	ld	b, a
    000006C4 4E               [ 8] 1454 	ld	c, (hl)
    000006C5 F8 0C            [12] 1455 	ldhl	sp,	#12
    000006C7 6E               [ 8] 1456 	ld	l, (hl)
    000006C8 26 00            [ 8] 1457 	ld	h, #0x00
    000006CA 29               [ 8] 1458 	add	hl, hl
    000006CB 11r00r00         [12] 1459 	ld	de, #_icon1_metasprites
    000006CE 19               [ 8] 1460 	add	hl, de
    000006CF 2A               [ 8] 1461 	ld	a, (hl+)
    000006D0 6E               [ 8] 1462 	ld	l, (hl)
                                   1463 ;c:\gbdk\include\gb\metasprites.h:209: __current_metasprite = metasprite;
    000006D1 5F               [ 4] 1464 	ld	e, a
    000006D2 55               [ 4] 1465 	ld	d, l
    000006D3 21r00r00         [12] 1466 	ld	hl, #___current_metasprite
    000006D6 7B               [ 4] 1467 	ld	a, e
    000006D7 22               [ 8] 1468 	ld	(hl+), a
    000006D8 72               [ 8] 1469 	ld	(hl), d
                                   1470 ;c:\gbdk\include\gb\metasprites.h:210: __current_base_tile = base_tile;
                                   1471 ;c:\gbdk\include\gb\metasprites.h:211: __current_base_prop = 0;
    000006D9 AF               [ 4] 1472 	xor	a, a
    000006DA EAr00r00         [16] 1473 	ld	(#___current_base_tile), a
    000006DD EAr00r00         [16] 1474 	ld	(#___current_base_prop),a
                                   1475 ;c:\gbdk\include\gb\metasprites.h:212: return __move_metasprite_vflip(base_sprite, (y << 8) | (uint8_t)(x - 8u));
    000006E0 50               [ 4] 1476 	ld	d, b
    000006E1 79               [ 4] 1477 	ld	a, c
    000006E2 C6 F8            [ 8] 1478 	add	a, #0xf8
    000006E4 5F               [ 4] 1479 	ld	e, a
    000006E5 AF               [ 4] 1480 	xor	a, a
    000006E6 CDr00r00         [24] 1481 	call	___move_metasprite_vflip
                                   1482 ;src/gameplay.c:220: move_metasprite_vflip(icon1_metasprites[player.anim_frame], 0, 0, sprite_x + 8, py + 16);
    000006E9 18 26            [12] 1483 	jr	00175$
    000006EB                       1484 00171$:
                                   1485 ;src/gameplay.c:222: move_metasprite(icon1_metasprites[player.anim_frame], 0, 0, sprite_x + 8, py + 16);
    000006EB F8 28            [12] 1486 	ldhl	sp,	#40
    000006ED 2A               [ 8] 1487 	ld	a, (hl+)
    000006EE 47               [ 4] 1488 	ld	b, a
    000006EF 4E               [ 8] 1489 	ld	c, (hl)
    000006F0 F8 0C            [12] 1490 	ldhl	sp,	#12
    000006F2 6E               [ 8] 1491 	ld	l, (hl)
    000006F3 26 00            [ 8] 1492 	ld	h, #0x00
    000006F5 29               [ 8] 1493 	add	hl, hl
    000006F6 11r00r00         [12] 1494 	ld	de, #_icon1_metasprites
    000006F9 19               [ 8] 1495 	add	hl, de
    000006FA 2A               [ 8] 1496 	ld	a, (hl+)
    000006FB 6E               [ 8] 1497 	ld	l, (hl)
                                   1498 ;c:\gbdk\include\gb\metasprites.h:169: __current_metasprite = metasprite;
    000006FC 5F               [ 4] 1499 	ld	e, a
    000006FD 55               [ 4] 1500 	ld	d, l
    000006FE 21r00r00         [12] 1501 	ld	hl, #___current_metasprite
    00000701 7B               [ 4] 1502 	ld	a, e
    00000702 22               [ 8] 1503 	ld	(hl+), a
    00000703 72               [ 8] 1504 	ld	(hl), d
                                   1505 ;c:\gbdk\include\gb\metasprites.h:170: __current_base_tile = base_tile;
                                   1506 ;c:\gbdk\include\gb\metasprites.h:171: __current_base_prop = 0;
    00000704 AF               [ 4] 1507 	xor	a, a
    00000705 EAr00r00         [16] 1508 	ld	(#___current_base_tile), a
    00000708 EAr00r00         [16] 1509 	ld	(#___current_base_prop),a
                                   1510 ;c:\gbdk\include\gb\metasprites.h:172: return __move_metasprite(base_sprite, (y << 8) | (uint8_t)x);
    0000070B 50               [ 4] 1511 	ld	d, b
    0000070C 59               [ 4] 1512 	ld	e, c
    0000070D AF               [ 4] 1513 	xor	a, a
    0000070E CDr00r00         [24] 1514 	call	___move_metasprite
                                   1515 ;src/gameplay.c:222: move_metasprite(icon1_metasprites[player.anim_frame], 0, 0, sprite_x + 8, py + 16);
    00000711                       1516 00175$:
                                   1517 ;src/gameplay.c:225: move_bkg((uint8_t)scroll_px, (uint8_t)cam_py);
    00000711 F8 18            [12] 1518 	ldhl	sp,	#24
    00000713 4E               [ 8] 1519 	ld	c, (hl)
    00000714 F8 27            [12] 1520 	ldhl	sp,	#39
    00000716 7E               [ 8] 1521 	ld	a, (hl)
    00000717 E0r00            [12] 1522 	ldh	(_SCX_REG + 0), a
                                   1523 ;c:\gbdk\include\gb\gb.h:1461: SCX_REG=x, SCY_REG=y;
    00000719 79               [ 4] 1524 	ld	a, c
    0000071A E0r00            [12] 1525 	ldh	(_SCY_REG + 0), a
                                   1526 ;src/gameplay.c:225: move_bkg((uint8_t)scroll_px, (uint8_t)cam_py);
    0000071C C3rA3r02         [16] 1527 	jp	00177$
    0000071F                       1528 00178$:
                                   1529 ;src/gameplay.c:228: HIDE_SPRITES;
    0000071F F0r00            [12] 1530 	ldh	a, (_LCDC_REG + 0)
    00000721 E6 FD            [ 8] 1531 	and	a, #0xfd
    00000723 E0r00            [12] 1532 	ldh	(_LCDC_REG + 0), a
                                   1533 ;c:\gbdk\include\gb\gb.h:1461: SCX_REG=x, SCY_REG=y;
    00000725 AF               [ 4] 1534 	xor	a, a
    00000726 E0r00            [12] 1535 	ldh	(_SCX_REG + 0), a
    00000728 AF               [ 4] 1536 	xor	a, a
    00000729 E0r00            [12] 1537 	ldh	(_SCY_REG + 0), a
                                   1538 ;src/gameplay.c:230: waitpadup();
    0000072B CDr00r00         [24] 1539 	call	_waitpadup
                                   1540 ;c:\gbdk\include\gb\gb.h:811: __asm__("di");
    0000072E F3               [ 4] 1541 	di
                                   1542 ;src/gameplay.c:232: setup_menu_font();
    0000072F 1Er00            [ 8] 1543 	ld	e, #b_setup_menu_font
    00000731 21r00r00         [12] 1544 	ld	hl, #_setup_menu_font
    00000734 CDr00r00         [24] 1545 	call	___sdcc_bcall_ehl
                                   1546 ;c:\gbdk\include\gb\gb.h:795: __asm__("ei");
    00000737 FB               [ 4] 1547 	ei
                                   1548 ;src/gameplay.c:234: redraw = 1;
    00000738 21r00r00         [12] 1549 	ld	hl, #_redraw
    0000073B 36 01            [12] 1550 	ld	(hl), #0x01
                                   1551 ;src/gameplay.c:235: }
    0000073D E8 2C            [16] 1552 	add	sp, #44
    0000073F C9               [16] 1553 	ret
                                   1554 	.area _CODE_1
                                   1555 	.area _INITIALIZER
                                   1556 	.area _CABS (ABS)
