                                      1 ;--------------------------------------------------------
                                      2 ; File Created by SDCC : free open source ISO C Compiler
                                      3 ; Version 4.5.1 #15267 (MINGW64)
                                      4 ;--------------------------------------------------------
                                      5 	.module main
                                      6 	
                                      7 ;--------------------------------------------------------
                                      8 ; Public variables in this module
                                      9 ;--------------------------------------------------------
                                     10 	.globl _main
                                     11 	.globl _hUGE_dosound
                                     12 	.globl _hUGE_init
                                     13 	.globl _play_level
                                     14 	.globl b_draw_menu
                                     15 	.globl _draw_menu
                                     16 	.globl _setup_menu_font
                                     17 	.globl _wait_vbl_done
                                     18 	.globl _set_interrupts
                                     19 	.globl _waitpadup
                                     20 	.globl _joypad
                                     21 	.globl _selected
                                     22 	.globl _redraw
                                     23 	.globl _music_ready
                                     24 	.globl _play_music_safe
                                     25 ;--------------------------------------------------------
                                     26 ; special function registers
                                     27 ;--------------------------------------------------------
                                     28 	.area _HRAM
                                     29 ;--------------------------------------------------------
                                     30 ; ram data
                                     31 ;--------------------------------------------------------
                                     32 	.area _DATA
                                     33 ;--------------------------------------------------------
                                     34 ; ram data
                                     35 ;--------------------------------------------------------
                                     36 	.area _INITIALIZED
    00000000                         37 _music_ready::
    00000000                         38 	.ds 1
    00000001                         39 _redraw::
    00000001                         40 	.ds 1
    00000002                         41 _selected::
    00000002                         42 	.ds 1
                                     43 ;--------------------------------------------------------
                                     44 ; absolute external ram data
                                     45 ;--------------------------------------------------------
                                     46 	.area _DABS (ABS)
                                     47 ;--------------------------------------------------------
                                     48 ; global & static initialisations
                                     49 ;--------------------------------------------------------
                                     50 	.area _HOME
                                     51 	.area _GSINIT
                                     52 	.area _GSFINAL
                                     53 	.area _GSINIT
                                     54 ;--------------------------------------------------------
                                     55 ; Home
                                     56 ;--------------------------------------------------------
                                     57 	.area _HOME
                                     58 	.area _HOME
                                     59 ;--------------------------------------------------------
                                     60 ; code
                                     61 ;--------------------------------------------------------
                                     62 	.area _CODE
                                     63 ;src/main.c:12: void play_music_safe(void) {
                                     64 ;	---------------------------------
                                     65 ; Function play_music_safe
                                     66 ; ---------------------------------
    00000000                         67 _play_music_safe::
                                     68 ;src/main.c:13: if (music_ready) hUGE_dosound();
    00000000 FAr00r00         [16]   69 	ld	a, (#_music_ready)
    00000003 B7               [ 4]   70 	or	a, a
    00000004 C2r00r00         [16]   71 	jp	NZ, _hUGE_dosound
                                     72 ;src/main.c:14: }
    00000007 C9               [16]   73 	ret
                                     74 ;src/main.c:16: void main(void) {
                                     75 ;	---------------------------------
                                     76 ; Function main
                                     77 ; ---------------------------------
    00000008                         78 _main::
    00000008 3B               [ 8]   79 	dec	sp
                                     80 ;src/main.c:17: music_ready = 0;
    00000009 AF               [ 4]   81 	xor	a, a
    0000000A EAr00r00         [16]   82 	ld	(#_music_ready),a
                                     83 ;src/main.c:18: NR52_REG = 0x80;
    0000000D 3E 80            [ 8]   84 	ld	a, #0x80
    0000000F E0r00            [12]   85 	ldh	(_NR52_REG + 0), a
                                     86 ;src/main.c:19: NR51_REG = 0xFF;
    00000011 3E FF            [ 8]   87 	ld	a, #0xff
    00000013 E0r00            [12]   88 	ldh	(_NR51_REG + 0), a
                                     89 ;src/main.c:20: NR50_REG = 0x77;
    00000015 3E 77            [ 8]   90 	ld	a, #0x77
    00000017 E0r00            [12]   91 	ldh	(_NR50_REG + 0), a
                                     92 ;src/main.c:22: hUGE_init(&song_stereoma);
    00000019 11r00r00         [12]   93 	ld	de, #_song_stereoma
    0000001C CDr00r00         [24]   94 	call	_hUGE_init
                                     95 ;src/main.c:23: music_ready = 1;
    0000001F 21r00r00         [12]   96 	ld	hl, #_music_ready
    00000022 36 01            [12]   97 	ld	(hl), #0x01
                                     98 ;src/main.c:25: set_interrupts(VBL_IFLAG);
    00000024 3E 01            [ 8]   99 	ld	a, #0x01
    00000026 CDr00r00         [24]  100 	call	_set_interrupts
                                    101 ;c:\gbdk\include\gb\gb.h:795: __asm__("ei");
    00000029 FB               [ 4]  102 	ei
                                    103 ;src/main.c:28: setup_menu_font();
    0000002A CDr00r00         [24]  104 	call	_setup_menu_font
                                    105 ;src/main.c:30: while (1) {
    0000002D                        106 00116$:
                                    107 ;src/main.c:31: play_music_safe();
    0000002D CDr00r00         [24]  108 	call	_play_music_safe
                                    109 ;src/main.c:32: if (redraw) draw_menu();
    00000030 FAr01r00         [16]  110 	ld	a, (#_redraw)
    00000033 B7               [ 4]  111 	or	a, a
    00000034 28 08            [12]  112 	jr	Z, 00102$
    00000036 1Er00            [ 8]  113 	ld	e, #b_draw_menu
    00000038 21r00r00         [12]  114 	ld	hl, #_draw_menu
    0000003B CDr00r00         [24]  115 	call	___sdcc_bcall_ehl
    0000003E                        116 00102$:
                                    117 ;src/main.c:33: uint8_t joy = joypad();
    0000003E CDr00r00         [24]  118 	call	_joypad
    00000041 F8 00            [12]  119 	ldhl	sp,	#0
    00000043 77               [ 8]  120 	ld	(hl), a
                                    121 ;src/main.c:35: if (joy & J_UP) {
    00000044 E5               [16]  122 	push	hl
    00000045 CB 56            [12]  123 	bit	2, (hl)
    00000047 E1               [12]  124 	pop	hl
    00000048 28 12            [12]  125 	jr	Z, 00113$
                                    126 ;src/main.c:36: if (selected > 0) { selected--; redraw = 1; }
    0000004A 21r02r00         [12]  127 	ld	hl, #_selected
    0000004D 7E               [ 8]  128 	ld	a, (hl)
    0000004E B7               [ 4]  129 	or	a, a
    0000004F 28 06            [12]  130 	jr	Z, 00104$
    00000051 35               [12]  131 	dec	(hl)
    00000052 21r01r00         [12]  132 	ld	hl, #_redraw
    00000055 36 01            [12]  133 	ld	(hl), #0x01
    00000057                        134 00104$:
                                    135 ;src/main.c:37: waitpadup();
    00000057 CDr00r00         [24]  136 	call	_waitpadup
    0000005A 18 4B            [12]  137 	jr	00114$
    0000005C                        138 00113$:
                                    139 ;src/main.c:38: } else if (joy & J_DOWN) {
    0000005C E5               [16]  140 	push	hl
    0000005D F8 02            [12]  141 	ldhl	sp,	#2
    0000005F CB 5E            [12]  142 	bit	3, (hl)
    00000061 E1               [12]  143 	pop	hl
    00000062 28 33            [12]  144 	jr	Z, 00110$
                                    145 ;src/main.c:39: if (selected < MAX_LEVELS - 1) { selected++; redraw = 1; }
    00000064 FAr00r00         [16]  146 	ld	a, (_MAX_LEVELS)
    00000067 06 00            [ 8]  147 	ld	b, #0x00
    00000069 4F               [ 4]  148 	ld	c, a
    0000006A 0B               [ 8]  149 	dec	bc
    0000006B FAr02r00         [16]  150 	ld	a, (_selected)
    0000006E 6F               [ 4]  151 	ld	l, a
    0000006F 26 00            [ 8]  152 	ld	h, #0x00
    00000071 58               [ 4]  153 	ld	e, b
    00000072 54               [ 4]  154 	ld	d, h
    00000073 7D               [ 4]  155 	ld	a, l
    00000074 91               [ 4]  156 	sub	a, c
    00000075 7C               [ 4]  157 	ld	a, h
    00000076 98               [ 4]  158 	sbc	a, b
    00000077 CB 7B            [ 8]  159 	bit	7, e
    00000079 28 07            [12]  160 	jr	Z, 00174$
    0000007B CB 7A            [ 8]  161 	bit	7, d
    0000007D 20 08            [12]  162 	jr	NZ, 00175$
    0000007F BF               [ 4]  163 	cp	a, a
    00000080 18 05            [12]  164 	jr	00175$
    00000082                        165 00174$:
    00000082 CB 7A            [ 8]  166 	bit	7, d
    00000084 28 01            [12]  167 	jr	Z, 00175$
    00000086 37               [ 4]  168 	scf
    00000087                        169 00175$:
    00000087 30 09            [12]  170 	jr	NC, 00106$
    00000089 21r02r00         [12]  171 	ld	hl, #_selected
    0000008C 34               [12]  172 	inc	(hl)
    0000008D 21r01r00         [12]  173 	ld	hl, #_redraw
    00000090 36 01            [12]  174 	ld	(hl), #0x01
    00000092                        175 00106$:
                                    176 ;src/main.c:40: waitpadup();
    00000092 CDr00r00         [24]  177 	call	_waitpadup
    00000095 18 10            [12]  178 	jr	00114$
    00000097                        179 00110$:
                                    180 ;src/main.c:41: } else if (joy & J_A) {
    00000097 E5               [16]  181 	push	hl
    00000098 F8 02            [12]  182 	ldhl	sp,	#2
    0000009A CB 66            [12]  183 	bit	4, (hl)
    0000009C E1               [12]  184 	pop	hl
    0000009D 28 08            [12]  185 	jr	Z, 00114$
                                    186 ;c:\gbdk\include\gb\gb.h:811: __asm__("di");
    0000009F F3               [ 4]  187 	di
                                    188 ;src/main.c:43: play_level(selected);
    000000A0 FAr02r00         [16]  189 	ld	a, (_selected)
    000000A3 CDr00r00         [24]  190 	call	_play_level
                                    191 ;c:\gbdk\include\gb\gb.h:795: __asm__("ei");
    000000A6 FB               [ 4]  192 	ei
                                    193 ;src/main.c:44: enable_interrupts();
    000000A7                        194 00114$:
                                    195 ;src/main.c:47: wait_vbl_done();
    000000A7 CDr00r00         [24]  196 	call	_wait_vbl_done
    000000AA C3r2Dr00         [16]  197 	jp	00116$
                                    198 ;src/main.c:49: }
    000000AD 33               [ 8]  199 	inc	sp
    000000AE C9               [16]  200 	ret
                                    201 	.area _CODE
                                    202 	.area _INITIALIZER
    00000000                        203 __xinit__music_ready:
    00000000 00                     204 	.db #0x00	; 0
    00000001                        205 __xinit__redraw:
    00000001 01                     206 	.db #0x01	; 1
    00000002                        207 __xinit__selected:
    00000002 00                     208 	.db #0x00	; 0
                                    209 	.area _CABS (ABS)
